19:05:55 **** Incremental Build of configuration Debug for project 362_project ****
make -j3 all 
Building file: ../src/fifo.c
Invoking: MCU GCC Compiler
/Users/terrencerandall/Documents/Fall_19/ece362/workspace/362_project/Debug
arm-none-eabi-gcc -mcpu=cortex-m0 -mthumb -mfloat-abi=soft -DSTM32 -DSTM32F0 -DSTM32F051R8Tx -DSTM32F0DISCOVERY -DDEBUG -DSTM32F051 -DUSE_STDPERIPH_DRIVER -I"/Users/terrencerandall/Documents/Fall_19/ece362/workspace/362_project/Utilities" -I"/Users/terrencerandall/Documents/Fall_19/ece362/workspace/362_project/StdPeriph_Driver/inc" -I"/Users/terrencerandall/Documents/Fall_19/ece362/workspace/362_project/inc" -I"/Users/terrencerandall/Documents/Fall_19/ece362/workspace/362_project/CMSIS/device" -I"/Users/terrencerandall/Documents/Fall_19/ece362/workspace/362_project/CMSIS/core" -O0 -g3 -Wall -fmessage-length=0 -ffunction-sections -c -MMD -MP -MF"src/fifo.d" -MT"src/fifo.o" -o "src/fifo.o" "../src/fifo.c"
Finished building: ../src/fifo.c
 
Building target: 362_project.elf
Invoking: MCU GCC Linker
arm-none-eabi-gcc -mcpu=cortex-m0 -mthumb -mfloat-abi=soft -T"/Users/terrencerandall/Documents/Fall_19/ece362/workspace/362_project/LinkerScript.ld" -Wl,-Map=output.map -Wl,--gc-sections -o "362_project.elf" @"objects.list"   -lm
Finished building target: 362_project.elf
 
/Applications/Xcode.app/Contents/Developer/usr/bin/make --no-print-directory post-build
Generating binary and Printing size information:
arm-none-eabi-objcopy -O binary "362_project.elf" "362_project.bin"
arm-none-eabi-size "362_project.elf"
   text	   data	    bss	    dec	    hex	filename
  54896	   2500	   1568	  58964	   e654	362_project.elf
 
19:05:57 **** Incremental Build of configuration Debug for project 362_project ****
make -j3 all 
make: Nothing to be done for `all'.
19:08:25 **** Build of configuration Debug for project Lab10_finalLab ****
make -j3 all 
make: Nothing to be done for `all'.
19:11:26 **** Incremental Build of configuration Debug for project Lab10_finalLab ****
make -j3 all 
Building file: ../src/main.c
Invoking: MCU GCC Compiler
/Users/terrencerandall/Documents/Fall_19/ece362/workspace/Lab10_finalLab/Debug
arm-none-eabi-gcc -mcpu=cortex-m0 -mthumb -mfloat-abi=soft -DSTM32 -DSTM32F0 -DSTM32F051R8Tx -DSTM32F0DISCOVERY -DDEBUG -DSTM32F051 -DUSE_STDPERIPH_DRIVER -I"/Users/terrencerandall/Documents/Fall_19/ece362/workspace/Lab10_finalLab/Utilities" -I"/Users/terrencerandall/Documents/Fall_19/ece362/workspace/Lab10_finalLab/StdPeriph_Driver/inc" -I"/Users/terrencerandall/Documents/Fall_19/ece362/workspace/Lab10_finalLab/inc" -I"/Users/terrencerandall/Documents/Fall_19/ece362/workspace/Lab10_finalLab/CMSIS/device" -I"/Users/terrencerandall/Documents/Fall_19/ece362/workspace/Lab10_finalLab/CMSIS/core" -O0 -g3 -Wall -fmessage-length=0 -ffunction-sections -c -MMD -MP -MF"src/main.d" -MT"src/main.o" -o "src/main.o" "../src/main.c"
../src/main.c:28:0: warning: "M_PI" redefined
 #define M_PI 3.14159
 
In file included from ../src/main.c:6:0:
/Applications/Ac6/SystemWorkbench.app/Contents/Eclipse/plugins/fr.ac6.mcu.externaltools.arm-none.macos64_1.17.0.201812190825/tools/compiler/arm-none-eabi/include/math.h:617:0: note: this is the location of the previous definition
 #define M_PI  3.14159265358979323846
 
../src/main.c: In function 'projAction':
../src/main.c:370:18: warning: implicit declaration of function 'atof'; did you mean 'acosf'? [-Wimplicit-function-declaration]
     float arg1 = atof(words[0]);
                  ^~~~
                  acosf
Finished building: ../src/main.c
 
Building target: Lab10_finalLab.elf
Invoking: MCU GCC Linker
arm-none-eabi-gcc -mcpu=cortex-m0 -mthumb -mfloat-abi=soft -T"/Users/terrencerandall/Documents/Fall_19/ece362/workspace/Lab10_finalLab/LinkerScript.ld" -Wl,-Map=output.map -Wl,--gc-sections -o "Lab10_finalLab.elf" @"objects.list" /Users/terrencerandall/Documents/Fall_19/ece362/workspace/Lab10_finalLab/src/helper_theOne.o  -lm
Finished building target: Lab10_finalLab.elf
 
/Applications/Xcode.app/Contents/Developer/usr/bin/make --no-print-directory post-build
Generating binary and Printing size information:
arm-none-eabi-objcopy -O binary "Lab10_finalLab.elf" "Lab10_finalLab.bin"
arm-none-eabi-size "Lab10_finalLab.elf"
   text	   data	    bss	    dec	    hex	filename
  53992	   2508	   2528	  59028	   e694	Lab10_finalLab.elf
 
19:11:57 **** Incremental Build of configuration Debug for project Lab10_finalLab ****
make -j3 all 
Building file: ../src/main.c
Invoking: MCU GCC Compiler
/Users/terrencerandall/Documents/Fall_19/ece362/workspace/Lab10_finalLab/Debug
arm-none-eabi-gcc -mcpu=cortex-m0 -mthumb -mfloat-abi=soft -DSTM32 -DSTM32F0 -DSTM32F051R8Tx -DSTM32F0DISCOVERY -DDEBUG -DSTM32F051 -DUSE_STDPERIPH_DRIVER -I"/Users/terrencerandall/Documents/Fall_19/ece362/workspace/Lab10_finalLab/Utilities" -I"/Users/terrencerandall/Documents/Fall_19/ece362/workspace/Lab10_finalLab/StdPeriph_Driver/inc" -I"/Users/terrencerandall/Documents/Fall_19/ece362/workspace/Lab10_finalLab/inc" -I"/Users/terrencerandall/Documents/Fall_19/ece362/workspace/Lab10_finalLab/CMSIS/device" -I"/Users/terrencerandall/Documents/Fall_19/ece362/workspace/Lab10_finalLab/CMSIS/core" -O0 -g3 -Wall -fmessage-length=0 -ffunction-sections -c -MMD -MP -MF"src/main.d" -MT"src/main.o" -o "src/main.o" "../src/main.c"
../src/main.c:28:0: warning: "M_PI" redefined
 #define M_PI 3.14159
 
In file included from ../src/main.c:6:0:
/Applications/Ac6/SystemWorkbench.app/Contents/Eclipse/plugins/fr.ac6.mcu.externaltools.arm-none.macos64_1.17.0.201812190825/tools/compiler/arm-none-eabi/include/math.h:617:0: note: this is the location of the previous definition
 #define M_PI  3.14159265358979323846
 
../src/main.c: In function 'action':
../src/main.c:389:33: warning: implicit declaration of function 'atoi'; did you mean 'acos'? [-Wimplicit-function-declaration]
                 changingValue = atoi(words[1]);
                                 ^~~~
                                 acos
../src/main.c: In function 'projAction':
../src/main.c:472:18: warning: implicit declaration of function 'atof'; did you mean 'acosf'? [-Wimplicit-function-declaration]
     float arg1 = atof(words[0]);
                  ^~~~
                  acosf
Finished building: ../src/main.c
 
Building target: Lab10_finalLab.elf
Invoking: MCU GCC Linker
arm-none-eabi-gcc -mcpu=cortex-m0 -mthumb -mfloat-abi=soft -T"/Users/terrencerandall/Documents/Fall_19/ece362/workspace/Lab10_finalLab/LinkerScript.ld" -Wl,-Map=output.map -Wl,--gc-sections -o "Lab10_finalLab.elf" @"objects.list" /Users/terrencerandall/Documents/Fall_19/ece362/workspace/Lab10_finalLab/src/helper_theOne.o  -lm
Finished building target: Lab10_finalLab.elf
 
/Applications/Xcode.app/Contents/Developer/usr/bin/make --no-print-directory post-build
Generating binary and Printing size information:
arm-none-eabi-objcopy -O binary "Lab10_finalLab.elf" "Lab10_finalLab.bin"
arm-none-eabi-size "Lab10_finalLab.elf"
   text	   data	    bss	    dec	    hex	filename
  54272	   2508	   2528	  59308	   e7ac	Lab10_finalLab.elf
 
19:13:29 **** Incremental Build of configuration Debug for project Lab10_finalLab ****
make -j3 all 
Building file: ../src/main.c
Invoking: MCU GCC Compiler
/Users/terrencerandall/Documents/Fall_19/ece362/workspace/Lab10_finalLab/Debug
arm-none-eabi-gcc -mcpu=cortex-m0 -mthumb -mfloat-abi=soft -DSTM32 -DSTM32F0 -DSTM32F051R8Tx -DSTM32F0DISCOVERY -DDEBUG -DSTM32F051 -DUSE_STDPERIPH_DRIVER -I"/Users/terrencerandall/Documents/Fall_19/ece362/workspace/Lab10_finalLab/Utilities" -I"/Users/terrencerandall/Documents/Fall_19/ece362/workspace/Lab10_finalLab/StdPeriph_Driver/inc" -I"/Users/terrencerandall/Documents/Fall_19/ece362/workspace/Lab10_finalLab/inc" -I"/Users/terrencerandall/Documents/Fall_19/ece362/workspace/Lab10_finalLab/CMSIS/device" -I"/Users/terrencerandall/Documents/Fall_19/ece362/workspace/Lab10_finalLab/CMSIS/core" -O0 -g3 -Wall -fmessage-length=0 -ffunction-sections -c -MMD -MP -MF"src/main.d" -MT"src/main.o" -o "src/main.o" "../src/main.c"
../src/main.c:28:0: warning: "M_PI" redefined
 #define M_PI 3.14159
 
In file included from ../src/main.c:6:0:
/Applications/Ac6/SystemWorkbench.app/Contents/Eclipse/plugins/fr.ac6.mcu.externaltools.arm-none.macos64_1.17.0.201812190825/tools/compiler/arm-none-eabi/include/math.h:617:0: note: this is the location of the previous definition
 #define M_PI  3.14159265358979323846
 
../src/main.c: In function 'action':
../src/main.c:389:33: warning: implicit declaration of function 'atoi'; did you mean 'acos'? [-Wimplicit-function-declaration]
                 changingValue = atoi(words[1]);
                                 ^~~~
                                 acos
../src/main.c: In function 'projAction':
../src/main.c:472:18: warning: implicit declaration of function 'atof'; did you mean 'acosf'? [-Wimplicit-function-declaration]
     float arg1 = atof(words[0]);
                  ^~~~
                  acosf
Finished building: ../src/main.c
 
Building target: Lab10_finalLab.elf
Invoking: MCU GCC Linker
arm-none-eabi-gcc -mcpu=cortex-m0 -mthumb -mfloat-abi=soft -T"/Users/terrencerandall/Documents/Fall_19/ece362/workspace/Lab10_finalLab/LinkerScript.ld" -Wl,-Map=output.map -Wl,--gc-sections -o "Lab10_finalLab.elf" @"objects.list" /Users/terrencerandall/Documents/Fall_19/ece362/workspace/Lab10_finalLab/src/helper_theOne.o  -lm
Finished building target: Lab10_finalLab.elf
 
/Applications/Xcode.app/Contents/Developer/usr/bin/make --no-print-directory post-build
Generating binary and Printing size information:
arm-none-eabi-objcopy -O binary "Lab10_finalLab.elf" "Lab10_finalLab.bin"
arm-none-eabi-size "Lab10_finalLab.elf"
   text	   data	    bss	    dec	    hex	filename
  54272	   2508	   2528	  59308	   e7ac	Lab10_finalLab.elf
 
20:03:47 **** Incremental Build of configuration Debug for project 362_project ****
make -j3 all 
Building file: ../src/main.c
Building file: ../src/notParsing.c
Building file: ../src/parsing.c
Invoking: MCU GCC Compiler
Invoking: MCU GCC Compiler
Invoking: MCU GCC Compiler
/Users/terrencerandall/Documents/Fall_19/ece362/workspace/362_project/Debug
arm-none-eabi-gcc -mcpu=cortex-m0 -mthumb -mfloat-abi=soft -DSTM32 -DSTM32F0 -DSTM32F051R8Tx -DSTM32F0DISCOVERY -DDEBUG -DSTM32F051 -DUSE_STDPERIPH_DRIVER -I"/Users/terrencerandall/Documents/Fall_19/ece362/workspace/362_project/Utilities" -I"/Users/terrencerandall/Documents/Fall_19/ece362/workspace/362_project/StdPeriph_Driver/inc" -I"/Users/terrencerandall/Documents/Fall_19/ece362/workspace/362_project/inc" -I"/Users/terrencerandall/Documents/Fall_19/ece362/workspace/362_project/CMSIS/device" -I"/Users/terrencerandall/Documents/Fall_19/ece362/workspace/362_project/CMSIS/core" -O0 -g3 -Wall -fmessage-length=0 -ffunction-sections -c -MMD -MP -MF"src/notParsing.d" -MT"src/notParsing.o" -o "src/notParsing.o" "../src/notParsing.c"
/Users/terrencerandall/Documents/Fall_19/ece362/workspace/362_project/Debug
arm-none-eabi-gcc -mcpu=cortex-m0 -mthumb -mfloat-abi=soft -DSTM32 -DSTM32F0 -DSTM32F051R8Tx -DSTM32F0DISCOVERY -DDEBUG -DSTM32F051 -DUSE_STDPERIPH_DRIVER -I"/Users/terrencerandall/Documents/Fall_19/ece362/workspace/362_project/Utilities" -I"/Users/terrencerandall/Documents/Fall_19/ece362/workspace/362_project/StdPeriph_Driver/inc" -I"/Users/terrencerandall/Documents/Fall_19/ece362/workspace/362_project/inc" -I"/Users/terrencerandall/Documents/Fall_19/ece362/workspace/362_project/CMSIS/device" -I"/Users/terrencerandall/Documents/Fall_19/ece362/workspace/362_project/CMSIS/core" -O0 -g3 -Wall -fmessage-length=0 -ffunction-sections -c -MMD -MP -MF"src/parsing.d" -MT"src/parsing.o" -o "src/parsing.o" "../src/parsing.c"
/Users/terrencerandall/Documents/Fall_19/ece362/workspace/362_project/Debug
arm-none-eabi-gcc -mcpu=cortex-m0 -mthumb -mfloat-abi=soft -DSTM32 -DSTM32F0 -DSTM32F051R8Tx -DSTM32F0DISCOVERY -DDEBUG -DSTM32F051 -DUSE_STDPERIPH_DRIVER -I"/Users/terrencerandall/Documents/Fall_19/ece362/workspace/362_project/Utilities" -I"/Users/terrencerandall/Documents/Fall_19/ece362/workspace/362_project/StdPeriph_Driver/inc" -I"/Users/terrencerandall/Documents/Fall_19/ece362/workspace/362_project/inc" -I"/Users/terrencerandall/Documents/Fall_19/ece362/workspace/362_project/CMSIS/device" -I"/Users/terrencerandall/Documents/Fall_19/ece362/workspace/362_project/CMSIS/core" -O0 -g3 -Wall -fmessage-length=0 -ffunction-sections -c -MMD -MP -MF"src/main.d" -MT"src/main.o" -o "src/main.o" "../src/main.c"
../src/parsing.c: In function 'stackManipulation':
../src/parsing.c:20:16: error: 'alternateFunc' undeclared (first use in this function)
             if(alternateFunc == ALTERNATE_1)
                ^~~~~~~~~~~~~
../src/parsing.c:20:16: note: each undeclared identifier is reported only once for each function it appears in
../src/main.c: In function 'on':
../src/main.c:55:2: warning: implicit declaration of function 'pixel_to_screen' [-Wimplicit-function-declaration]
  pixel_to_screen(half, row, col);
  ^~~~~~~~~~~~~~~
../src/main.c: At top level:
../src/main.c:68:6: warning: conflicting types for 'pixel_to_screen'
 void pixel_to_screen(int half, int row, int col) {
      ^~~~~~~~~~~~~~~
../src/main.c:55:2: note: previous implicit declaration of 'pixel_to_screen' was here
  pixel_to_screen(half, row, col);
  ^~~~~~~~~~~~~~~
../src/parsing.c:32:13: error: 'stackPointer' undeclared (first use in this function)
             stackPointer = 0;
             ^~~~~~~~~~~~
../src/parsing.c:37:19: warning: unused variable 'answer' [-Wunused-variable]
             float answer = calculations(stack);
                   ^~~~~~
../src/main.c: In function 'get_key_pressed':
../src/main.c:154:12: warning: implicit declaration of function 'get_key_press'; did you mean 'get_key_pressed'? [-Wimplicit-function-declaration]
  int key = get_key_press();
            ^~~~~~~~~~~~~
            get_key_pressed
make: *** [src/parsing.o] Error 1
make: *** Waiting for unfinished jobs....
../src/main.c:155:15: warning: implicit declaration of function 'get_key_release'; did you mean 'get_key_pressed'? [-Wimplicit-function-declaration]
  while(key != get_key_release());
               ^~~~~~~~~~~~~~~
               get_key_pressed
../src/main.c: In function 'main':
../src/main.c:295:6: warning: unused variable 'c' [-Wunused-variable]
  int c = 10;
      ^
../src/main.c:294:6: warning: unused variable 'r' [-Wunused-variable]
  int r = 4;
      ^
../src/main.c:293:6: warning: unused variable 'h' [-Wunused-variable]
  int h = 0;
      ^
Finished building: ../src/main.c
 
Finished building: ../src/notParsing.c
 
20:22:39 **** Incremental Build of configuration Debug for project 362_project ****
make -j3 all 
Building file: ../src/main.c
Building file: ../src/notParsing.c
Building file: ../src/parsing.c
Invoking: MCU GCC Compiler
Invoking: MCU GCC Compiler
Invoking: MCU GCC Compiler
/Users/terrencerandall/Documents/Fall_19/ece362/workspace/362_project/Debug
arm-none-eabi-gcc -mcpu=cortex-m0 -mthumb -mfloat-abi=soft -DSTM32 -DSTM32F0 -DSTM32F051R8Tx -DSTM32F0DISCOVERY -DDEBUG -DSTM32F051 -DUSE_STDPERIPH_DRIVER -I"/Users/terrencerandall/Documents/Fall_19/ece362/workspace/362_project/Utilities" -I"/Users/terrencerandall/Documents/Fall_19/ece362/workspace/362_project/StdPeriph_Driver/inc" -I"/Users/terrencerandall/Documents/Fall_19/ece362/workspace/362_project/inc" -I"/Users/terrencerandall/Documents/Fall_19/ece362/workspace/362_project/CMSIS/device" -I"/Users/terrencerandall/Documents/Fall_19/ece362/workspace/362_project/CMSIS/core" -O0 -g3 -Wall -fmessage-length=0 -ffunction-sections -c -MMD -MP -MF"src/parsing.d" -MT"src/parsing.o" -o "src/parsing.o" "../src/parsing.c"
/Users/terrencerandall/Documents/Fall_19/ece362/workspace/362_project/Debug
/Users/terrencerandall/Documents/Fall_19/ece362/workspace/362_project/Debug
arm-none-eabi-gcc -mcpu=cortex-m0 -mthumb -mfloat-abi=soft -DSTM32 -DSTM32F0 -DSTM32F051R8Tx -DSTM32F0DISCOVERY -DDEBUG -DSTM32F051 -DUSE_STDPERIPH_DRIVER -I"/Users/terrencerandall/Documents/Fall_19/ece362/workspace/362_project/Utilities" -I"/Users/terrencerandall/Documents/Fall_19/ece362/workspace/362_project/StdPeriph_Driver/inc" -I"/Users/terrencerandall/Documents/Fall_19/ece362/workspace/362_project/inc" -I"/Users/terrencerandall/Documents/Fall_19/ece362/workspace/362_project/CMSIS/device" -I"/Users/terrencerandall/Documents/Fall_19/ece362/workspace/362_project/CMSIS/core" -O0 -g3 -Wall -fmessage-length=0 -ffunction-sections -c -MMD -MP -MF"src/notParsing.d" -MT"src/notParsing.o" -o "src/notParsing.o" "../src/notParsing.c"
arm-none-eabi-gcc -mcpu=cortex-m0 -mthumb -mfloat-abi=soft -DSTM32 -DSTM32F0 -DSTM32F051R8Tx -DSTM32F0DISCOVERY -DDEBUG -DSTM32F051 -DUSE_STDPERIPH_DRIVER -I"/Users/terrencerandall/Documents/Fall_19/ece362/workspace/362_project/Utilities" -I"/Users/terrencerandall/Documents/Fall_19/ece362/workspace/362_project/StdPeriph_Driver/inc" -I"/Users/terrencerandall/Documents/Fall_19/ece362/workspace/362_project/inc" -I"/Users/terrencerandall/Documents/Fall_19/ece362/workspace/362_project/CMSIS/device" -I"/Users/terrencerandall/Documents/Fall_19/ece362/workspace/362_project/CMSIS/core" -O0 -g3 -Wall -fmessage-length=0 -ffunction-sections -c -MMD -MP -MF"src/main.d" -MT"src/main.o" -o "src/main.o" "../src/main.c"
../src/parsing.c: In function 'stackManipulation':
../src/parsing.c:41:19: warning: unused variable 'answer' [-Wunused-variable]
             float answer = calculations(stack);
                   ^~~~~~
../src/parsing.c:189:31: error: redefinition of 'answer'
                         float answer = calculations(stack);
                               ^~~~~~
../src/parsing.c:180:31: note: previous definition of 'answer' was here
                         float answer = calculations(stack);
                               ^~~~~~
../src/parsing.c:189:31: warning: unused variable 'answer' [-Wunused-variable]
                         float answer = calculations(stack);
                               ^~~~~~
../src/parsing.c: In function 'stackCheck':
../src/parsing.c:210:5: error: expected expression before 'else'
     else{
     ^~~~
../src/parsing.c:206:9: warning: unused variable 'closedParens' [-Wunused-variable]
     int closedParens = 0;
         ^~~~~~~~~~~~
../src/parsing.c:205:9: warning: unused variable 'openParens' [-Wunused-variable]
     int openParens = 0;
         ^~~~~~~~~~
../src/parsing.c:214:1: warning: control reaches end of non-void function [-Wreturn-type]
 }
 ^
make: *** [src/parsing.o] Error 1
make: *** Waiting for unfinished jobs....
../src/main.c: In function 'on':
../src/main.c:50:2: warning: implicit declaration of function 'pixel_to_screen' [-Wimplicit-function-declaration]
  pixel_to_screen(half, row, col);
  ^~~~~~~~~~~~~~~
../src/main.c: At top level:
../src/main.c:63:6: warning: conflicting types for 'pixel_to_screen'
 void pixel_to_screen(int half, int row, int col) {
      ^~~~~~~~~~~~~~~
../src/main.c:50:2: note: previous implicit declaration of 'pixel_to_screen' was here
  pixel_to_screen(half, row, col);
  ^~~~~~~~~~~~~~~
../src/main.c: In function 'get_key_pressed':
../src/main.c:149:12: warning: implicit declaration of function 'get_key_press'; did you mean 'get_key_pressed'? [-Wimplicit-function-declaration]
  int key = get_key_press();
            ^~~~~~~~~~~~~
            get_key_pressed
../src/main.c:150:15: warning: implicit declaration of function 'get_key_release'; did you mean 'get_key_pressed'? [-Wimplicit-function-declaration]
  while(key != get_key_release());
               ^~~~~~~~~~~~~~~
               get_key_pressed
../src/main.c: In function 'main':
../src/main.c:290:6: warning: unused variable 'c' [-Wunused-variable]
  int c = 10;
      ^
../src/main.c:289:6: warning: unused variable 'r' [-Wunused-variable]
  int r = 4;
      ^
../src/main.c:288:6: warning: unused variable 'h' [-Wunused-variable]
  int h = 0;
      ^
Finished building: ../src/main.c
Finished building: ../src/notParsing.c
 
 
15:53:14 **** Build of configuration Debug for project 362_project ****
make -j3 all 
Building file: ../src/main.c
Building file: ../src/notParsing.c
Invoking: MCU GCC Compiler
Invoking: MCU GCC Compiler
/Users/terrencerandall/Documents/Fall_19/ece362/workspace/362_project/Debug
arm-none-eabi-gcc -mcpu=cortex-m0 -mthumb -mfloat-abi=soft -DSTM32 -DSTM32F0 -DSTM32F051R8Tx -DSTM32F0DISCOVERY -DDEBUG -DSTM32F051 -DUSE_STDPERIPH_DRIVER -I"/Users/terrencerandall/Documents/Fall_19/ece362/workspace/362_project/Utilities" -I"/Users/terrencerandall/Documents/Fall_19/ece362/workspace/362_project/StdPeriph_Driver/inc" -I"/Users/terrencerandall/Documents/Fall_19/ece362/workspace/362_project/inc" -I"/Users/terrencerandall/Documents/Fall_19/ece362/workspace/362_project/CMSIS/device" -I"/Users/terrencerandall/Documents/Fall_19/ece362/workspace/362_project/CMSIS/core" -O0 -g3 -Wall -fmessage-length=0 -ffunction-sections -c -MMD -MP -MF"src/notParsing.d" -MT"src/notParsing.o" -o "src/notParsing.o" "../src/notParsing.c"
/Users/terrencerandall/Documents/Fall_19/ece362/workspace/362_project/Debug
arm-none-eabi-gcc -mcpu=cortex-m0 -mthumb -mfloat-abi=soft -DSTM32 -DSTM32F0 -DSTM32F051R8Tx -DSTM32F0DISCOVERY -DDEBUG -DSTM32F051 -DUSE_STDPERIPH_DRIVER -I"/Users/terrencerandall/Documents/Fall_19/ece362/workspace/362_project/Utilities" -I"/Users/terrencerandall/Documents/Fall_19/ece362/workspace/362_project/StdPeriph_Driver/inc" -I"/Users/terrencerandall/Documents/Fall_19/ece362/workspace/362_project/inc" -I"/Users/terrencerandall/Documents/Fall_19/ece362/workspace/362_project/CMSIS/device" -I"/Users/terrencerandall/Documents/Fall_19/ece362/workspace/362_project/CMSIS/core" -O0 -g3 -Wall -fmessage-length=0 -ffunction-sections -c -MMD -MP -MF"src/main.d" -MT"src/main.o" -o "src/main.o" "../src/main.c"
Building file: ../src/parsing.c
Invoking: MCU GCC Compiler
/Users/terrencerandall/Documents/Fall_19/ece362/workspace/362_project/Debug
arm-none-eabi-gcc -mcpu=cortex-m0 -mthumb -mfloat-abi=soft -DSTM32 -DSTM32F0 -DSTM32F051R8Tx -DSTM32F0DISCOVERY -DDEBUG -DSTM32F051 -DUSE_STDPERIPH_DRIVER -I"/Users/terrencerandall/Documents/Fall_19/ece362/workspace/362_project/Utilities" -I"/Users/terrencerandall/Documents/Fall_19/ece362/workspace/362_project/StdPeriph_Driver/inc" -I"/Users/terrencerandall/Documents/Fall_19/ece362/workspace/362_project/inc" -I"/Users/terrencerandall/Documents/Fall_19/ece362/workspace/362_project/CMSIS/device" -I"/Users/terrencerandall/Documents/Fall_19/ece362/workspace/362_project/CMSIS/core" -O0 -g3 -Wall -fmessage-length=0 -ffunction-sections -c -MMD -MP -MF"src/parsing.d" -MT"src/parsing.o" -o "src/parsing.o" "../src/parsing.c"
../src/parsing.c: In function 'stackManipulation':
../src/parsing.c:45:11: warning: variable 'answer' set but not used [-Wunused-but-set-variable]
     float answer;
           ^~~~~~
../src/main.c: In function 'on':
../src/main.c:50:5: warning: implicit declaration of function 'pixel_to_screen' [-Wimplicit-function-declaration]
     pixel_to_screen(half, row, col);
     ^~~~~~~~~~~~~~~
../src/main.c: At top level:
../src/main.c:63:6: warning: conflicting types for 'pixel_to_screen'
 void pixel_to_screen(int half, int row, int col) {
      ^~~~~~~~~~~~~~~
../src/main.c:50:5: note: previous implicit declaration of 'pixel_to_screen' was here
     pixel_to_screen(half, row, col);
     ^~~~~~~~~~~~~~~
../src/main.c: In function 'get_key_pressed':
../src/main.c:167:15: warning: implicit declaration of function 'get_key_press'; did you mean 'get_key_pressed'? [-Wimplicit-function-declaration]
     int key = get_key_press();
               ^~~~~~~~~~~~~
               get_key_pressed
../src/main.c:168:18: warning: implicit declaration of function 'get_key_release'; did you mean 'get_key_pressed'? [-Wimplicit-function-declaration]
     while(key != get_key_release());
                  ^~~~~~~~~~~~~~~
                  get_key_pressed
../src/main.c: In function 'main':
../src/main.c:305:5: warning: "/*" within comment [-Wcomment]
     /*for(int i = 0; i < 64; i++)
      
Finished building: ../src/parsing.c
 
Finished building: ../src/notParsing.c
 
Finished building: ../src/main.c
 
Building target: 362_project.elf
Invoking: MCU GCC Linker
arm-none-eabi-gcc -mcpu=cortex-m0 -mthumb -mfloat-abi=soft -T"/Users/terrencerandall/Documents/Fall_19/ece362/workspace/362_project/LinkerScript.ld" -Wl,-Map=output.map -Wl,--gc-sections -o "362_project.elf" @"objects.list"   -lm
src/notParsing.o:/Users/terrencerandall/Documents/Fall_19/ece362/workspace/362_project/Debug/../src/parsing.h:56: multiple definition of `alternateFunc'
src/main.o:/Users/terrencerandall/Documents/Fall_19/ece362/workspace/362_project/Debug/../src/parsing.h:56: first defined here
src/notParsing.o:/Users/terrencerandall/Documents/Fall_19/ece362/workspace/362_project/Debug/../src/parsing.h:58: multiple definition of `stackPointer'
src/main.o:/Users/terrencerandall/Documents/Fall_19/ece362/workspace/362_project/Debug/../src/parsing.h:58: first defined here
src/parsing.o:/Users/terrencerandall/Documents/Fall_19/ece362/workspace/362_project/Debug/../src/parsing.h:56: multiple definition of `alternateFunc'
src/main.o:/Users/terrencerandall/Documents/Fall_19/ece362/workspace/362_project/Debug/../src/parsing.h:56: first defined here
src/parsing.o:/Users/terrencerandall/Documents/Fall_19/ece362/workspace/362_project/Debug/../src/parsing.h:58: multiple definition of `stackPointer'
src/main.o:/Users/terrencerandall/Documents/Fall_19/ece362/workspace/362_project/Debug/../src/parsing.h:58: first defined here
collect2: error: ld returned 1 exit status
make: *** [362_project.elf] Error 1
15:54:07 **** Incremental Build of configuration Debug for project 362_project ****
make -j3 all 
Building target: 362_project.elf
Invoking: MCU GCC Linker
arm-none-eabi-gcc -mcpu=cortex-m0 -mthumb -mfloat-abi=soft -T"/Users/terrencerandall/Documents/Fall_19/ece362/workspace/362_project/LinkerScript.ld" -Wl,-Map=output.map -Wl,--gc-sections -o "362_project.elf" @"objects.list"   -lm
src/notParsing.o:/Users/terrencerandall/Documents/Fall_19/ece362/workspace/362_project/Debug/../src/parsing.h:56: multiple definition of `alternateFunc'
src/main.o:/Users/terrencerandall/Documents/Fall_19/ece362/workspace/362_project/Debug/../src/parsing.h:56: first defined here
src/notParsing.o:/Users/terrencerandall/Documents/Fall_19/ece362/workspace/362_project/Debug/../src/parsing.h:58: multiple definition of `stackPointer'
src/main.o:/Users/terrencerandall/Documents/Fall_19/ece362/workspace/362_project/Debug/../src/parsing.h:58: first defined here
src/parsing.o:/Users/terrencerandall/Documents/Fall_19/ece362/workspace/362_project/Debug/../src/parsing.h:56: multiple definition of `alternateFunc'
src/main.o:/Users/terrencerandall/Documents/Fall_19/ece362/workspace/362_project/Debug/../src/parsing.h:56: first defined here
src/parsing.o:/Users/terrencerandall/Documents/Fall_19/ece362/workspace/362_project/Debug/../src/parsing.h:58: multiple definition of `stackPointer'
src/main.o:/Users/terrencerandall/Documents/Fall_19/ece362/workspace/362_project/Debug/../src/parsing.h:58: first defined here
collect2: error: ld returned 1 exit status
make: *** [362_project.elf] Error 1
15:54:38 **** Incremental Build of configuration Debug for project 362_project ****
make -j3 all 
Building target: 362_project.elf
Invoking: MCU GCC Linker
arm-none-eabi-gcc -mcpu=cortex-m0 -mthumb -mfloat-abi=soft -T"/Users/terrencerandall/Documents/Fall_19/ece362/workspace/362_project/LinkerScript.ld" -Wl,-Map=output.map -Wl,--gc-sections -o "362_project.elf" @"objects.list"   -lm
src/notParsing.o:/Users/terrencerandall/Documents/Fall_19/ece362/workspace/362_project/Debug/../src/parsing.h:56: multiple definition of `alternateFunc'
src/main.o:/Users/terrencerandall/Documents/Fall_19/ece362/workspace/362_project/Debug/../src/parsing.h:56: first defined here
src/notParsing.o:/Users/terrencerandall/Documents/Fall_19/ece362/workspace/362_project/Debug/../src/parsing.h:58: multiple definition of `stackPointer'
src/main.o:/Users/terrencerandall/Documents/Fall_19/ece362/workspace/362_project/Debug/../src/parsing.h:58: first defined here
src/parsing.o:/Users/terrencerandall/Documents/Fall_19/ece362/workspace/362_project/Debug/../src/parsing.h:56: multiple definition of `alternateFunc'
src/main.o:/Users/terrencerandall/Documents/Fall_19/ece362/workspace/362_project/Debug/../src/parsing.h:56: first defined here
src/parsing.o:/Users/terrencerandall/Documents/Fall_19/ece362/workspace/362_project/Debug/../src/parsing.h:58: multiple definition of `stackPointer'
src/main.o:/Users/terrencerandall/Documents/Fall_19/ece362/workspace/362_project/Debug/../src/parsing.h:58: first defined here
collect2: error: ld returned 1 exit status
make: *** [362_project.elf] Error 1
15:54:51 **** Incremental Build of configuration Debug for project 362_project ****
make -j3 all 
Building target: 362_project.elf
Invoking: MCU GCC Linker
arm-none-eabi-gcc -mcpu=cortex-m0 -mthumb -mfloat-abi=soft -T"/Users/terrencerandall/Documents/Fall_19/ece362/workspace/362_project/LinkerScript.ld" -Wl,-Map=output.map -Wl,--gc-sections -o "362_project.elf" @"objects.list"   -lm
src/notParsing.o:/Users/terrencerandall/Documents/Fall_19/ece362/workspace/362_project/Debug/../src/parsing.h:56: multiple definition of `alternateFunc'
src/main.o:/Users/terrencerandall/Documents/Fall_19/ece362/workspace/362_project/Debug/../src/parsing.h:56: first defined here
src/notParsing.o:/Users/terrencerandall/Documents/Fall_19/ece362/workspace/362_project/Debug/../src/parsing.h:58: multiple definition of `stackPointer'
src/main.o:/Users/terrencerandall/Documents/Fall_19/ece362/workspace/362_project/Debug/../src/parsing.h:58: first defined here
src/parsing.o:/Users/terrencerandall/Documents/Fall_19/ece362/workspace/362_project/Debug/../src/parsing.h:56: multiple definition of `alternateFunc'
src/main.o:/Users/terrencerandall/Documents/Fall_19/ece362/workspace/362_project/Debug/../src/parsing.h:56: first defined here
src/parsing.o:/Users/terrencerandall/Documents/Fall_19/ece362/workspace/362_project/Debug/../src/parsing.h:58: multiple definition of `stackPointer'
src/main.o:/Users/terrencerandall/Documents/Fall_19/ece362/workspace/362_project/Debug/../src/parsing.h:58: first defined here
collect2: error: ld returned 1 exit status
make: *** [362_project.elf] Error 1
15:55:59 **** Incremental Build of configuration Debug for project 362_project ****
make -j3 all 
Building file: ../src/main.c
Building file: ../src/notParsing.c
Building file: ../src/parsing.c
Invoking: MCU GCC Compiler
Invoking: MCU GCC Compiler
Invoking: MCU GCC Compiler
/Users/terrencerandall/Documents/Fall_19/ece362/workspace/362_project/Debug
arm-none-eabi-gcc -mcpu=cortex-m0 -mthumb -mfloat-abi=soft -DSTM32 -DSTM32F0 -DSTM32F051R8Tx -DSTM32F0DISCOVERY -DDEBUG -DSTM32F051 -DUSE_STDPERIPH_DRIVER -I"/Users/terrencerandall/Documents/Fall_19/ece362/workspace/362_project/Utilities" -I"/Users/terrencerandall/Documents/Fall_19/ece362/workspace/362_project/StdPeriph_Driver/inc" -I"/Users/terrencerandall/Documents/Fall_19/ece362/workspace/362_project/inc" -I"/Users/terrencerandall/Documents/Fall_19/ece362/workspace/362_project/CMSIS/device" -I"/Users/terrencerandall/Documents/Fall_19/ece362/workspace/362_project/CMSIS/core" -O0 -g3 -Wall -fmessage-length=0 -ffunction-sections -c -MMD -MP -MF"src/notParsing.d" -MT"src/notParsing.o" -o "src/notParsing.o" "../src/notParsing.c"
/Users/terrencerandall/Documents/Fall_19/ece362/workspace/362_project/Debug
arm-none-eabi-gcc -mcpu=cortex-m0 -mthumb -mfloat-abi=soft -DSTM32 -DSTM32F0 -DSTM32F051R8Tx -DSTM32F0DISCOVERY -DDEBUG -DSTM32F051 -DUSE_STDPERIPH_DRIVER -I"/Users/terrencerandall/Documents/Fall_19/ece362/workspace/362_project/Utilities" -I"/Users/terrencerandall/Documents/Fall_19/ece362/workspace/362_project/StdPeriph_Driver/inc" -I"/Users/terrencerandall/Documents/Fall_19/ece362/workspace/362_project/inc" -I"/Users/terrencerandall/Documents/Fall_19/ece362/workspace/362_project/CMSIS/device" -I"/Users/terrencerandall/Documents/Fall_19/ece362/workspace/362_project/CMSIS/core" -O0 -g3 -Wall -fmessage-length=0 -ffunction-sections -c -MMD -MP -MF"src/parsing.d" -MT"src/parsing.o" -o "src/parsing.o" "../src/parsing.c"
/Users/terrencerandall/Documents/Fall_19/ece362/workspace/362_project/Debug
arm-none-eabi-gcc -mcpu=cortex-m0 -mthumb -mfloat-abi=soft -DSTM32 -DSTM32F0 -DSTM32F051R8Tx -DSTM32F0DISCOVERY -DDEBUG -DSTM32F051 -DUSE_STDPERIPH_DRIVER -I"/Users/terrencerandall/Documents/Fall_19/ece362/workspace/362_project/Utilities" -I"/Users/terrencerandall/Documents/Fall_19/ece362/workspace/362_project/StdPeriph_Driver/inc" -I"/Users/terrencerandall/Documents/Fall_19/ece362/workspace/362_project/inc" -I"/Users/terrencerandall/Documents/Fall_19/ece362/workspace/362_project/CMSIS/device" -I"/Users/terrencerandall/Documents/Fall_19/ece362/workspace/362_project/CMSIS/core" -O0 -g3 -Wall -fmessage-length=0 -ffunction-sections -c -MMD -MP -MF"src/main.d" -MT"src/main.o" -o "src/main.o" "../src/main.c"
../src/parsing.c: In function 'stackManipulation':
../src/parsing.c:50:11: warning: variable 'answer' set but not used [-Wunused-but-set-variable]
     float answer;
           ^~~~~~
../src/main.c: In function 'on':
../src/main.c:50:5: warning: implicit declaration of function 'pixel_to_screen' [-Wimplicit-function-declaration]
     pixel_to_screen(half, row, col);
     ^~~~~~~~~~~~~~~
../src/main.c: At top level:
../src/main.c:63:6: warning: conflicting types for 'pixel_to_screen'
 void pixel_to_screen(int half, int row, int col) {
      ^~~~~~~~~~~~~~~
../src/main.c:50:5: note: previous implicit declaration of 'pixel_to_screen' was here
     pixel_to_screen(half, row, col);
     ^~~~~~~~~~~~~~~
../src/main.c: In function 'get_key_pressed':
../src/main.c:167:15: warning: implicit declaration of function 'get_key_press'; did you mean 'get_key_pressed'? [-Wimplicit-function-declaration]
     int key = get_key_press();
               ^~~~~~~~~~~~~
               get_key_pressed
../src/main.c:168:18: warning: implicit declaration of function 'get_key_release'; did you mean 'get_key_pressed'? [-Wimplicit-function-declaration]
     while(key != get_key_release());
                  ^~~~~~~~~~~~~~~
                  get_key_pressed
../src/main.c: In function 'main':
../src/main.c:305:5: warning: "/*" within comment [-Wcomment]
     /*for(int i = 0; i < 64; i++)
      
Finished building: ../src/parsing.c
 
Finished building: ../src/notParsing.c
 
Finished building: ../src/main.c
 
Building target: 362_project.elf
Invoking: MCU GCC Linker
arm-none-eabi-gcc -mcpu=cortex-m0 -mthumb -mfloat-abi=soft -T"/Users/terrencerandall/Documents/Fall_19/ece362/workspace/362_project/LinkerScript.ld" -Wl,-Map=output.map -Wl,--gc-sections -o "362_project.elf" @"objects.list"   -lm
Finished building target: 362_project.elf
 
/Applications/Xcode.app/Contents/Developer/usr/bin/make --no-print-directory post-build
Generating binary and Printing size information:
arm-none-eabi-objcopy -O binary "362_project.elf" "362_project.bin"
arm-none-eabi-size "362_project.elf"
   text	   data	    bss	    dec	    hex	filename
  36104	   2532	   1576	  40212	   9d14	362_project.elf
 
21:23:13 **** Build of configuration Debug for project 362_project ****
make -j3 all 
Building file: ../src/KS0108.c
Building file: ../src/main.c
Invoking: MCU GCC Compiler
Invoking: MCU GCC Compiler
/Users/terrencerandall/Documents/Fall_19/ece362/workspace/362_project/Debug
arm-none-eabi-gcc -mcpu=cortex-m0 -mthumb -mfloat-abi=soft -DSTM32 -DSTM32F0 -DSTM32F051R8Tx -DSTM32F0DISCOVERY -DDEBUG -DSTM32F051 -DUSE_STDPERIPH_DRIVER -I"/Users/terrencerandall/Documents/Fall_19/ece362/workspace/362_project/Utilities" -I"/Users/terrencerandall/Documents/Fall_19/ece362/workspace/362_project/StdPeriph_Driver/inc" -I"/Users/terrencerandall/Documents/Fall_19/ece362/workspace/362_project/inc" -I"/Users/terrencerandall/Documents/Fall_19/ece362/workspace/362_project/CMSIS/device" -I"/Users/terrencerandall/Documents/Fall_19/ece362/workspace/362_project/CMSIS/core" -O0 -g3 -Wall -fmessage-length=0 -ffunction-sections -c -MMD -MP -MF"src/KS0108.d" -MT"src/KS0108.o" -o "src/KS0108.o" "../src/KS0108.c"
/Users/terrencerandall/Documents/Fall_19/ece362/workspace/362_project/Debug
arm-none-eabi-gcc -mcpu=cortex-m0 -mthumb -mfloat-abi=soft -DSTM32 -DSTM32F0 -DSTM32F051R8Tx -DSTM32F0DISCOVERY -DDEBUG -DSTM32F051 -DUSE_STDPERIPH_DRIVER -I"/Users/terrencerandall/Documents/Fall_19/ece362/workspace/362_project/Utilities" -I"/Users/terrencerandall/Documents/Fall_19/ece362/workspace/362_project/StdPeriph_Driver/inc" -I"/Users/terrencerandall/Documents/Fall_19/ece362/workspace/362_project/inc" -I"/Users/terrencerandall/Documents/Fall_19/ece362/workspace/362_project/CMSIS/device" -I"/Users/terrencerandall/Documents/Fall_19/ece362/workspace/362_project/CMSIS/core" -O0 -g3 -Wall -fmessage-length=0 -ffunction-sections -c -MMD -MP -MF"src/main.d" -MT"src/main.o" -o "src/main.o" "../src/main.c"
Building file: ../src/parsing.c
Invoking: MCU GCC Compiler
/Users/terrencerandall/Documents/Fall_19/ece362/workspace/362_project/Debug
arm-none-eabi-gcc -mcpu=cortex-m0 -mthumb -mfloat-abi=soft -DSTM32 -DSTM32F0 -DSTM32F051R8Tx -DSTM32F0DISCOVERY -DDEBUG -DSTM32F051 -DUSE_STDPERIPH_DRIVER -I"/Users/terrencerandall/Documents/Fall_19/ece362/workspace/362_project/Utilities" -I"/Users/terrencerandall/Documents/Fall_19/ece362/workspace/362_project/StdPeriph_Driver/inc" -I"/Users/terrencerandall/Documents/Fall_19/ece362/workspace/362_project/inc" -I"/Users/terrencerandall/Documents/Fall_19/ece362/workspace/362_project/CMSIS/device" -I"/Users/terrencerandall/Documents/Fall_19/ece362/workspace/362_project/CMSIS/core" -O0 -g3 -Wall -fmessage-length=0 -ffunction-sections -c -MMD -MP -MF"src/parsing.d" -MT"src/parsing.o" -o "src/parsing.o" "../src/parsing.c"
../src/parsing.c:367:5: error: conflicting types for 'stackManipulation'
 int stackManipulation(int * stack, char* expression, int * index, char* result, char adding){
     ^~~~~~~~~~~~~~~~~
In file included from ../src/parsing.c:4:0:
../src/parsing.h:85:5: note: previous declaration of 'stackManipulation' was here
 int stackManipulation(int *, char*, char*, char input);
     ^~~~~~~~~~~~~~~~~
../src/parsing.c: In function 'stackManipulation':
../src/parsing.c:404:29: error: break statement not within loop or switch
         if(tempIndex >= 42) break;
                             ^~~~~
../src/parsing.c:411:32: error: assignment to expression with array type
                     tempString = "1    ";
                                ^
../src/parsing.c:415:32: error: assignment to expression with array type
                     tempString = "2    ";
                                ^
../src/parsing.c:419:32: error: assignment to expression with array type
                     tempString = "3    ";
                                ^
../src/parsing.c:423:32: error: assignment to expression with array type
                     tempString = "4    ";
                                ^
../src/parsing.c:427:32: error: assignment to expression with array type
                     tempString = "5    ";
                                ^
../src/parsing.c:431:32: error: assignment to expression with array type
                     tempString = "6    ";
                                ^
../src/parsing.c:435:32: error: assignment to expression with array type
                     tempString = "7    ";
                                ^
../src/parsing.c:439:32: error: assignment to expression with array type
                     tempString = "8    ";
                                ^
../src/parsing.c:443:32: error: assignment to expression with array type
                     tempString = "9    ";
                                ^
../src/parsing.c:447:21: warning: this 'if' clause does not guard... [-Wmisleading-indentation]
                     if(stack[stackPointer-1] != DECIMAL)
                     ^~
../src/parsing.c:449:25: note: ...this statement, but the latter is misleadingly indented as if it were guarded by the 'if'
                         tempString = ".    ";
                         ^~~~~~~~~~
../src/parsing.c:449:36: error: assignment to expression with array type
                         tempString = ".    ";
                                    ^
../src/parsing.c:453:32: error: assignment to expression with array type
                     tempString = "0    ";
                                ^
../src/parsing.c:457:32: error: assignment to expression with array type
                     tempString = "-    ";
                                ^
../src/parsing.c:467:36: error: assignment to expression with array type
                         tempString = "+    ";
                                    ^
../src/parsing.c:473:36: error: assignment to expression with array type
                         tempString = "-    ";
                                    ^
../src/parsing.c:479:36: error: assignment to expression with array type
                         tempString = "/    ";
                                    ^
../src/parsing.c:485:36: error: assignment to expression with array type
                         tempString = "*    ";
                                    ^
../src/parsing.c:497:36: error: assignment to expression with array type
                         tempString = "e^X  ";
                                    ^
../src/parsing.c:504:36: error: assignment to expression with array type
                         tempString = "ln(  ";
                                    ^
../src/parsing.c:511:36: error: assignment to expression with array type
                         tempString = "log( ";
                                    ^
../src/parsing.c:517:36: error: assignment to expression with array type
                         tempString = "(    ";
                                    ^
../src/parsing.c:525:36: error: assignment to expression with array type
                         tempString = "^    ";
                                    ^
../src/parsing.c:531:36: error: assignment to expression with array type
                         tempString = ")    ";
                                    ^
../src/parsing.c:543:36: error: assignment to expression with array type
                         tempString = "sin( ";
                                    ^
../src/parsing.c:550:36: error: assignment to expression with array type
                         tempString = "cos( ";
                                    ^
../src/parsing.c:557:36: error: assignment to expression with array type
                         tempString = "tan( ";
                                    ^
../src/parsing.c:564:36: error: assignment to expression with array type
                         tempString = "asin(";
                                    ^
../src/parsing.c:571:36: error: assignment to expression with array type
                         tempString = "acos(";
                                    ^
../src/parsing.c:578:36: error: assignment to expression with array type
                         tempString = "atan(";
                                    ^
../src/parsing.c:585:36: error: assignment to expression with array type
                         tempString = "!(   ";
                                    ^
../src/parsing.c:592:36: error: assignment to expression with array type
                         tempString = "X    ";
                                    ^
../src/parsing.c:369:9: warning: variable 'codeThatWeProbablyWontNeed' set but not used [-Wunused-but-set-variable]
     int codeThatWeProbablyWontNeed;
         ^~~~~~~~~~~~~~~~~~~~~~~~~~
../src/parsing.c: In function 'convertToNum':
../src/parsing.c:680:9: warning: implicit declaration of function 'printf' [-Wimplicit-function-declaration]
         printf("The beg equals the ends\n");
         ^~~~~~
../src/parsing.c:680:9: warning: incompatible implicit declaration of built-in function 'printf'
../src/parsing.c:680:9: note: include '<stdio.h>' or provide a declaration of 'printf'
../src/parsing.c: In function 'floatToString':
../src/parsing.c:797:9: warning: implicit declaration of function 'sprintf' [-Wimplicit-function-declaration]
         sprintf(output,"0.0");
         ^~~~~~~
../src/parsing.c:797:9: warning: incompatible implicit declaration of built-in function 'sprintf'
../src/parsing.c:797:9: note: include '<stdio.h>' or provide a declaration of 'sprintf'
../src/parsing.c:802:9: warning: incompatible implicit declaration of built-in function 'sprintf'
         sprintf(output, "Error (too big or too small)");
         ^~~~~~~
../src/parsing.c:802:9: note: include '<stdio.h>' or provide a declaration of 'sprintf'
../src/main.c: In function 'on':
../src/main.c:52:2: warning: implicit declaration of function 'pixel_to_screen' [-Wimplicit-function-declaration]
  pixel_to_screen(half, row, col);
  ^~~~~~~~~~~~~~~
../src/main.c: At top level:
../src/main.c:65:6: warning: conflicting types for 'pixel_to_screen'
 void pixel_to_screen(int half, int row, int col) {
      ^~~~~~~~~~~~~~~
../src/main.c:52:2: note: previous implicit declaration of 'pixel_to_screen' was here
  pixel_to_screen(half, row, col);
  ^~~~~~~~~~~~~~~
make: *** [src/parsing.o] Error 1
make: *** Waiting for unfinished jobs....
../src/main.c: In function 'get_key_pressed':
../src/main.c:169:12: warning: implicit declaration of function 'get_key_press'; did you mean 'get_key_pressed'? [-Wimplicit-function-declaration]
  int key = get_key_press();
            ^~~~~~~~~~~~~
            get_key_pressed
../src/main.c:170:15: warning: implicit declaration of function 'get_key_release'; did you mean 'get_key_pressed'? [-Wimplicit-function-declaration]
  while(key != get_key_release());
               ^~~~~~~~~~~~~~~
               get_key_pressed
../src/main.c: In function 'graph':
../src/main.c:328:3: warning: implicit declaration of function 'itoa' [-Wimplicit-function-declaration]
   itoa(ypix,buffer,10);   // here 2 means binary
   ^~~~
../src/main.c: In function 'main':
../src/main.c:363:52: warning: passing argument 3 of 'stackManipulation' from incompatible pointer type [-Wincompatible-pointer-types]
   error = stackManipulation(codestack, expression, &index, result, key);
                                                    ^
In file included from ../src/main.c:10:0:
../src/parsing.h:85:5: note: expected 'char *' but argument is of type 'int *'
 int stackManipulation(int *, char*, char*, char input);
     ^~~~~~~~~~~~~~~~~
../src/main.c:363:60: warning: passing argument 4 of 'stackManipulation' makes integer from pointer without a cast [-Wint-conversion]
   error = stackManipulation(codestack, expression, &index, result, key);
                                                            ^~~~~~
In file included from ../src/main.c:10:0:
../src/parsing.h:85:5: note: expected 'char' but argument is of type 'char *'
 int stackManipulation(int *, char*, char*, char input);
     ^~~~~~~~~~~~~~~~~
../src/main.c:363:11: error: too many arguments to function 'stackManipulation'
   error = stackManipulation(codestack, expression, &index, result, key);
           ^~~~~~~~~~~~~~~~~
In file included from ../src/main.c:10:0:
../src/parsing.h:85:5: note: declared here
 int stackManipulation(int *, char*, char*, char input);
     ^~~~~~~~~~~~~~~~~
../src/main.c:358:7: warning: unused variable 'error_mess' [-Wunused-variable]
  char error_mess[STACK_SIZE / 2 + 1] = "YOU IDIOT! Press D";
       ^~~~~~~~~~
make: *** [src/main.o] Error 1
Finished building: ../src/KS0108.c
 
21:27:11 **** Incremental Build of configuration Debug for project 362_project ****
make -j3 all 
Building file: ../src/main.c
Building file: ../src/parsing.c
Invoking: MCU GCC Compiler
Invoking: MCU GCC Compiler
/Users/terrencerandall/Documents/Fall_19/ece362/workspace/362_project/Debug
arm-none-eabi-gcc -mcpu=cortex-m0 -mthumb -mfloat-abi=soft -DSTM32 -DSTM32F0 -DSTM32F051R8Tx -DSTM32F0DISCOVERY -DDEBUG -DSTM32F051 -DUSE_STDPERIPH_DRIVER -I"/Users/terrencerandall/Documents/Fall_19/ece362/workspace/362_project/Utilities" -I"/Users/terrencerandall/Documents/Fall_19/ece362/workspace/362_project/StdPeriph_Driver/inc" -I"/Users/terrencerandall/Documents/Fall_19/ece362/workspace/362_project/inc" -I"/Users/terrencerandall/Documents/Fall_19/ece362/workspace/362_project/CMSIS/device" -I"/Users/terrencerandall/Documents/Fall_19/ece362/workspace/362_project/CMSIS/core" -O0 -g3 -Wall -fmessage-length=0 -ffunction-sections -c -MMD -MP -MF"src/parsing.d" -MT"src/parsing.o" -o "src/parsing.o" "../src/parsing.c"
/Users/terrencerandall/Documents/Fall_19/ece362/workspace/362_project/Debug
arm-none-eabi-gcc -mcpu=cortex-m0 -mthumb -mfloat-abi=soft -DSTM32 -DSTM32F0 -DSTM32F051R8Tx -DSTM32F0DISCOVERY -DDEBUG -DSTM32F051 -DUSE_STDPERIPH_DRIVER -I"/Users/terrencerandall/Documents/Fall_19/ece362/workspace/362_project/Utilities" -I"/Users/terrencerandall/Documents/Fall_19/ece362/workspace/362_project/StdPeriph_Driver/inc" -I"/Users/terrencerandall/Documents/Fall_19/ece362/workspace/362_project/inc" -I"/Users/terrencerandall/Documents/Fall_19/ece362/workspace/362_project/CMSIS/device" -I"/Users/terrencerandall/Documents/Fall_19/ece362/workspace/362_project/CMSIS/core" -O0 -g3 -Wall -fmessage-length=0 -ffunction-sections -c -MMD -MP -MF"src/main.d" -MT"src/main.o" -o "src/main.o" "../src/main.c"
../src/parsing.c: In function 'stackManipulation':
../src/parsing.c:404:29: error: break statement not within loop or switch
         if(tempIndex >= 42) break;
                             ^~~~~
../src/parsing.c:411:32: error: assignment to expression with array type
                     tempString = "1    ";
                                ^
../src/parsing.c:415:32: error: assignment to expression with array type
                     tempString = "2    ";
                                ^
../src/parsing.c:419:32: error: assignment to expression with array type
                     tempString = "3    ";
                                ^
../src/parsing.c:423:32: error: assignment to expression with array type
                     tempString = "4    ";
                                ^
../src/parsing.c:427:32: error: assignment to expression with array type
                     tempString = "5    ";
                                ^
../src/parsing.c:431:32: error: assignment to expression with array type
                     tempString = "6    ";
                                ^
../src/parsing.c:435:32: error: assignment to expression with array type
                     tempString = "7    ";
                                ^
../src/parsing.c:439:32: error: assignment to expression with array type
                     tempString = "8    ";
                                ^
../src/parsing.c:443:32: error: assignment to expression with array type
                     tempString = "9    ";
                                ^
../src/parsing.c:447:21: warning: this 'if' clause does not guard... [-Wmisleading-indentation]
                     if(stack[stackPointer-1] != DECIMAL)
                     ^~
../src/parsing.c:449:25: note: ...this statement, but the latter is misleadingly indented as if it were guarded by the 'if'
                         tempString = ".    ";
                         ^~~~~~~~~~
../src/parsing.c:449:36: error: assignment to expression with array type
                         tempString = ".    ";
                                    ^
../src/parsing.c:453:32: error: assignment to expression with array type
                     tempString = "0    ";
                                ^
../src/parsing.c:457:32: error: assignment to expression with array type
                     tempString = "-    ";
                                ^
../src/parsing.c:467:36: error: assignment to expression with array type
                         tempString = "+    ";
                                    ^
../src/parsing.c:473:36: error: assignment to expression with array type
                         tempString = "-    ";
                                    ^
../src/parsing.c:479:36: error: assignment to expression with array type
                         tempString = "/    ";
                                    ^
../src/parsing.c:485:36: error: assignment to expression with array type
                         tempString = "*    ";
                                    ^
../src/parsing.c:497:36: error: assignment to expression with array type
                         tempString = "e^X  ";
                                    ^
../src/parsing.c:504:36: error: assignment to expression with array type
                         tempString = "ln(  ";
                                    ^
../src/parsing.c:511:36: error: assignment to expression with array type
                         tempString = "log( ";
                                    ^
../src/parsing.c:517:36: error: assignment to expression with array type
                         tempString = "(    ";
                                    ^
../src/parsing.c:525:36: error: assignment to expression with array type
                         tempString = "^    ";
                                    ^
../src/parsing.c:531:36: error: assignment to expression with array type
                         tempString = ")    ";
                                    ^
../src/parsing.c:543:36: error: assignment to expression with array type
                         tempString = "sin( ";
                                    ^
../src/parsing.c:550:36: error: assignment to expression with array type
                         tempString = "cos( ";
                                    ^
../src/parsing.c:557:36: error: assignment to expression with array type
                         tempString = "tan( ";
                                    ^
../src/parsing.c:564:36: error: assignment to expression with array type
                         tempString = "asin(";
                                    ^
../src/parsing.c:571:36: error: assignment to expression with array type
                         tempString = "acos(";
                                    ^
../src/parsing.c:578:36: error: assignment to expression with array type
                         tempString = "atan(";
                                    ^
../src/parsing.c:585:36: error: assignment to expression with array type
                         tempString = "!(   ";
                                    ^
../src/parsing.c:592:36: error: assignment to expression with array type
                         tempString = "X    ";
                                    ^
../src/main.c: In function 'on':
../src/main.c:52:2: warning: implicit declaration of function 'pixel_to_screen' [-Wimplicit-function-declaration]
  pixel_to_screen(half, row, col);
  ^~~~~~~~~~~~~~~
../src/parsing.c:369:9: warning: variable 'codeThatWeProbablyWontNeed' set but not used [-Wunused-but-set-variable]
     int codeThatWeProbablyWontNeed;
         ^~~~~~~~~~~~~~~~~~~~~~~~~~
../src/main.c: At top level:
../src/main.c:65:6: warning: conflicting types for 'pixel_to_screen'
 void pixel_to_screen(int half, int row, int col) {
      ^~~~~~~~~~~~~~~
../src/main.c:52:2: note: previous implicit declaration of 'pixel_to_screen' was here
  pixel_to_screen(half, row, col);
  ^~~~~~~~~~~~~~~
../src/parsing.c: In function 'convertToNum':
../src/parsing.c:680:9: warning: implicit declaration of function 'printf' [-Wimplicit-function-declaration]
         printf("The beg equals the ends\n");
         ^~~~~~
../src/parsing.c:680:9: warning: incompatible implicit declaration of built-in function 'printf'
../src/parsing.c:680:9: note: include '<stdio.h>' or provide a declaration of 'printf'
../src/parsing.c: In function 'floatToString':
../src/parsing.c:797:9: warning: implicit declaration of function 'sprintf' [-Wimplicit-function-declaration]
         sprintf(output,"0.0");
         ^~~~~~~
../src/parsing.c:797:9: warning: incompatible implicit declaration of built-in function 'sprintf'
../src/parsing.c:797:9: note: include '<stdio.h>' or provide a declaration of 'sprintf'
../src/parsing.c:802:9: warning: incompatible implicit declaration of built-in function 'sprintf'
         sprintf(output, "Error (too big or too small)");
         ^~~~~~~
../src/parsing.c:802:9: note: include '<stdio.h>' or provide a declaration of 'sprintf'
../src/main.c: In function 'get_key_pressed':
../src/main.c:169:12: warning: implicit declaration of function 'get_key_press'; did you mean 'get_key_pressed'? [-Wimplicit-function-declaration]
  int key = get_key_press();
            ^~~~~~~~~~~~~
            get_key_pressed
../src/main.c:170:15: warning: implicit declaration of function 'get_key_release'; did you mean 'get_key_pressed'? [-Wimplicit-function-declaration]
  while(key != get_key_release());
               ^~~~~~~~~~~~~~~
               get_key_pressed
../src/main.c: In function 'graph':
../src/main.c:328:3: warning: implicit declaration of function 'itoa' [-Wimplicit-function-declaration]
   itoa(ypix,buffer,10);   // here 2 means binary
   ^~~~
make: *** [src/parsing.o] Error 1
make: *** Waiting for unfinished jobs....
../src/main.c: In function 'main':
../src/main.c:358:7: warning: unused variable 'error_mess' [-Wunused-variable]
  char error_mess[STACK_SIZE / 2 + 1] = "YOU IDIOT! Press D";
       ^~~~~~~~~~
Finished building: ../src/main.c
 
21:32:24 **** Incremental Build of configuration Debug for project 362_project ****
make -j3 all 
Building file: ../src/parsing.c
Invoking: MCU GCC Compiler
/Users/terrencerandall/Documents/Fall_19/ece362/workspace/362_project/Debug
arm-none-eabi-gcc -mcpu=cortex-m0 -mthumb -mfloat-abi=soft -DSTM32 -DSTM32F0 -DSTM32F051R8Tx -DSTM32F0DISCOVERY -DDEBUG -DSTM32F051 -DUSE_STDPERIPH_DRIVER -I"/Users/terrencerandall/Documents/Fall_19/ece362/workspace/362_project/Utilities" -I"/Users/terrencerandall/Documents/Fall_19/ece362/workspace/362_project/StdPeriph_Driver/inc" -I"/Users/terrencerandall/Documents/Fall_19/ece362/workspace/362_project/inc" -I"/Users/terrencerandall/Documents/Fall_19/ece362/workspace/362_project/CMSIS/device" -I"/Users/terrencerandall/Documents/Fall_19/ece362/workspace/362_project/CMSIS/core" -O0 -g3 -Wall -fmessage-length=0 -ffunction-sections -c -MMD -MP -MF"src/parsing.d" -MT"src/parsing.o" -o "src/parsing.o" "../src/parsing.c"
../src/parsing.c: In function 'stackManipulation':
../src/parsing.c:404:29: error: break statement not within loop or switch
         if(tempIndex >= 42) break;
                             ^~~~~
../src/parsing.c:450:36: error: assignment to expression with array type
                         tempString = ".    ";
                                    ^
../src/parsing.c:456:32: error: assignment to expression with array type
                     tempString = "0    ";
                                ^
../src/parsing.c:461:32: error: assignment to expression with array type
                     tempString = "-    ";
                                ^
../src/parsing.c:472:36: error: assignment to expression with array type
                         tempString = "+    ";
                                    ^
../src/parsing.c:479:36: error: assignment to expression with array type
                         tempString = "-    ";
                                    ^
../src/parsing.c:486:36: error: assignment to expression with array type
                         tempString = "/    ";
                                    ^
../src/parsing.c:493:36: error: assignment to expression with array type
                         tempString = "*    ";
                                    ^
../src/parsing.c:506:36: error: assignment to expression with array type
                         tempString = "e^X  ";
                                    ^
../src/parsing.c:514:36: error: assignment to expression with array type
                         tempString = "ln(  ";
                                    ^
../src/parsing.c:522:36: error: assignment to expression with array type
                         tempString = "log( ";
                                    ^
../src/parsing.c:529:36: error: assignment to expression with array type
                         tempString = "(    ";
                                    ^
../src/parsing.c:538:36: error: assignment to expression with array type
                         tempString = "^    ";
                                    ^
../src/parsing.c:545:36: error: assignment to expression with array type
                         tempString = ")    ";
                                    ^
../src/parsing.c:558:36: error: assignment to expression with array type
                         tempString = "sin( ";
                                    ^
../src/parsing.c:566:36: error: assignment to expression with array type
                         tempString = "cos( ";
                                    ^
../src/parsing.c:574:36: error: assignment to expression with array type
                         tempString = "tan( ";
                                    ^
../src/parsing.c:582:36: error: assignment to expression with array type
                         tempString = "asin(";
                                    ^
../src/parsing.c:590:36: error: assignment to expression with array type
                         tempString = "acos(";
                                    ^
../src/parsing.c:598:36: error: assignment to expression with array type
                         tempString = "atan(";
                                    ^
../src/parsing.c:606:36: error: assignment to expression with array type
                         tempString = "!(   ";
                                    ^
../src/parsing.c:369:9: warning: variable 'codeThatWeProbablyWontNeed' set but not used [-Wunused-but-set-variable]
     int codeThatWeProbablyWontNeed;
         ^~~~~~~~~~~~~~~~~~~~~~~~~~
../src/parsing.c: In function 'convertToNum':
../src/parsing.c:701:9: warning: implicit declaration of function 'printf' [-Wimplicit-function-declaration]
         printf("The beg equals the ends\n");
         ^~~~~~
../src/parsing.c:701:9: warning: incompatible implicit declaration of built-in function 'printf'
../src/parsing.c:701:9: note: include '<stdio.h>' or provide a declaration of 'printf'
../src/parsing.c: In function 'floatToString':
../src/parsing.c:818:9: warning: implicit declaration of function 'sprintf' [-Wimplicit-function-declaration]
         sprintf(output,"0.0");
         ^~~~~~~
../src/parsing.c:818:9: warning: incompatible implicit declaration of built-in function 'sprintf'
../src/parsing.c:818:9: note: include '<stdio.h>' or provide a declaration of 'sprintf'
../src/parsing.c:823:9: warning: incompatible implicit declaration of built-in function 'sprintf'
         sprintf(output, "Error (too big or too small)");
         ^~~~~~~
../src/parsing.c:823:9: note: include '<stdio.h>' or provide a declaration of 'sprintf'
make: *** [src/parsing.o] Error 1
21:35:19 **** Incremental Build of configuration Debug for project 362_project ****
make -j3 all 
Building file: ../src/parsing.c
Invoking: MCU GCC Compiler
/Users/terrencerandall/Documents/Fall_19/ece362/workspace/362_project/Debug
arm-none-eabi-gcc -mcpu=cortex-m0 -mthumb -mfloat-abi=soft -DSTM32 -DSTM32F0 -DSTM32F051R8Tx -DSTM32F0DISCOVERY -DDEBUG -DSTM32F051 -DUSE_STDPERIPH_DRIVER -I"/Users/terrencerandall/Documents/Fall_19/ece362/workspace/362_project/Utilities" -I"/Users/terrencerandall/Documents/Fall_19/ece362/workspace/362_project/StdPeriph_Driver/inc" -I"/Users/terrencerandall/Documents/Fall_19/ece362/workspace/362_project/inc" -I"/Users/terrencerandall/Documents/Fall_19/ece362/workspace/362_project/CMSIS/device" -I"/Users/terrencerandall/Documents/Fall_19/ece362/workspace/362_project/CMSIS/core" -O0 -g3 -Wall -fmessage-length=0 -ffunction-sections -c -MMD -MP -MF"src/parsing.d" -MT"src/parsing.o" -o "src/parsing.o" "../src/parsing.c"
../src/parsing.c: In function 'stackManipulation':
../src/parsing.c:404:29: error: break statement not within loop or switch
         if(tempIndex >= 42) break;
                             ^~~~~
../src/parsing.c:369:9: warning: variable 'codeThatWeProbablyWontNeed' set but not used [-Wunused-but-set-variable]
     int codeThatWeProbablyWontNeed;
         ^~~~~~~~~~~~~~~~~~~~~~~~~~
../src/parsing.c: In function 'convertToNum':
../src/parsing.c:681:9: warning: implicit declaration of function 'printf' [-Wimplicit-function-declaration]
         printf("The beg equals the ends\n");
         ^~~~~~
../src/parsing.c:681:9: warning: incompatible implicit declaration of built-in function 'printf'
../src/parsing.c:681:9: note: include '<stdio.h>' or provide a declaration of 'printf'
../src/parsing.c: In function 'floatToString':
../src/parsing.c:798:9: warning: implicit declaration of function 'sprintf' [-Wimplicit-function-declaration]
         sprintf(output,"0.0");
         ^~~~~~~
../src/parsing.c:798:9: warning: incompatible implicit declaration of built-in function 'sprintf'
../src/parsing.c:798:9: note: include '<stdio.h>' or provide a declaration of 'sprintf'
../src/parsing.c:803:9: warning: incompatible implicit declaration of built-in function 'sprintf'
         sprintf(output, "Error (too big or too small)");
         ^~~~~~~
../src/parsing.c:803:9: note: include '<stdio.h>' or provide a declaration of 'sprintf'
../src/parsing.c:808:9: warning: implicit declaration of function 'gcvt' [-Wimplicit-function-declaration]
         gcvt(input, 5, output);
         ^~~~
make: *** [src/parsing.o] Error 1
21:38:59 **** Build of configuration Debug for project 362_project ****
make -j3 all 
Building file: ../src/parsing.c
Invoking: MCU GCC Compiler
/Users/terrencerandall/Documents/Fall_19/ece362/workspace/362_project/Debug
arm-none-eabi-gcc -mcpu=cortex-m0 -mthumb -mfloat-abi=soft -DSTM32 -DSTM32F0 -DSTM32F051R8Tx -DSTM32F0DISCOVERY -DDEBUG -DSTM32F051 -DUSE_STDPERIPH_DRIVER -I"/Users/terrencerandall/Documents/Fall_19/ece362/workspace/362_project/Utilities" -I"/Users/terrencerandall/Documents/Fall_19/ece362/workspace/362_project/StdPeriph_Driver/inc" -I"/Users/terrencerandall/Documents/Fall_19/ece362/workspace/362_project/inc" -I"/Users/terrencerandall/Documents/Fall_19/ece362/workspace/362_project/CMSIS/device" -I"/Users/terrencerandall/Documents/Fall_19/ece362/workspace/362_project/CMSIS/core" -O0 -g3 -Wall -fmessage-length=0 -ffunction-sections -c -MMD -MP -MF"src/parsing.d" -MT"src/parsing.o" -o "src/parsing.o" "../src/parsing.c"
../src/parsing.c: In function 'stackManipulation':
../src/parsing.c:369:9: warning: variable 'codeThatWeProbablyWontNeed' set but not used [-Wunused-but-set-variable]
     int codeThatWeProbablyWontNeed;
         ^~~~~~~~~~~~~~~~~~~~~~~~~~
../src/parsing.c: In function 'convertToNum':
../src/parsing.c:681:9: warning: implicit declaration of function 'printf' [-Wimplicit-function-declaration]
         printf("The beg equals the ends\n");
         ^~~~~~
../src/parsing.c:681:9: warning: incompatible implicit declaration of built-in function 'printf'
../src/parsing.c:681:9: note: include '<stdio.h>' or provide a declaration of 'printf'
../src/parsing.c: In function 'floatToString':
../src/parsing.c:798:9: warning: implicit declaration of function 'sprintf' [-Wimplicit-function-declaration]
         sprintf(output,"0.0");
         ^~~~~~~
../src/parsing.c:798:9: warning: incompatible implicit declaration of built-in function 'sprintf'
../src/parsing.c:798:9: note: include '<stdio.h>' or provide a declaration of 'sprintf'
../src/parsing.c:803:9: warning: incompatible implicit declaration of built-in function 'sprintf'
         sprintf(output, "Error (too big or too small)");
         ^~~~~~~
../src/parsing.c:803:9: note: include '<stdio.h>' or provide a declaration of 'sprintf'
../src/parsing.c:808:9: warning: implicit declaration of function 'gcvt' [-Wimplicit-function-declaration]
         gcvt(input, 5, output);
         ^~~~
../src/parsing.c: In function 'stackManipulation':
../src/parsing.c:411:21: warning: '__builtin_memcpy' writing 6 bytes into a region of size 5 overflows the destination [-Wstringop-overflow=]
                     strcpy(tempString,"1    ");
                     ^~~~~~~~~~~~~~~~~~~~~~~~~~
../src/parsing.c:415:21: warning: '__builtin_memcpy' writing 6 bytes into a region of size 5 overflows the destination [-Wstringop-overflow=]
                     strcpy(tempString,"2    ");
                     ^~~~~~~~~~~~~~~~~~~~~~~~~~
../src/parsing.c:419:21: warning: '__builtin_memcpy' writing 6 bytes into a region of size 5 overflows the destination [-Wstringop-overflow=]
                     strcpy(tempString,"3    ");
                     ^~~~~~~~~~~~~~~~~~~~~~~~~~
../src/parsing.c:423:21: warning: '__builtin_memcpy' writing 6 bytes into a region of size 5 overflows the destination [-Wstringop-overflow=]
                     strcpy(tempString,"4    ");
                     ^~~~~~~~~~~~~~~~~~~~~~~~~~
../src/parsing.c:427:21: warning: '__builtin_memcpy' writing 6 bytes into a region of size 5 overflows the destination [-Wstringop-overflow=]
                     strcpy(tempString,"5    ");
                     ^~~~~~~~~~~~~~~~~~~~~~~~~~
../src/parsing.c:431:21: warning: '__builtin_memcpy' writing 6 bytes into a region of size 5 overflows the destination [-Wstringop-overflow=]
                     strcpy(tempString,"6    ");
                     ^~~~~~~~~~~~~~~~~~~~~~~~~~
../src/parsing.c:435:21: warning: '__builtin_memcpy' writing 6 bytes into a region of size 5 overflows the destination [-Wstringop-overflow=]
                     strcpy(tempString,"7    ");
                     ^~~~~~~~~~~~~~~~~~~~~~~~~~
../src/parsing.c:439:21: warning: '__builtin_memcpy' writing 6 bytes into a region of size 5 overflows the destination [-Wstringop-overflow=]
                     strcpy(tempString,"8    ");
                     ^~~~~~~~~~~~~~~~~~~~~~~~~~
../src/parsing.c:443:21: warning: '__builtin_memcpy' writing 6 bytes into a region of size 5 overflows the destination [-Wstringop-overflow=]
                     strcpy(tempString,"9    ");
                     ^~~~~~~~~~~~~~~~~~~~~~~~~~
../src/parsing.c:449:25: warning: '__builtin_memcpy' writing 6 bytes into a region of size 5 overflows the destination [-Wstringop-overflow=]
                         strcpy(tempString,".    ");
                         ^~~~~~~~~~~~~~~~~~~~~~~~~~
../src/parsing.c:454:21: warning: '__builtin_memcpy' writing 6 bytes into a region of size 5 overflows the destination [-Wstringop-overflow=]
                     strcpy(tempString,"0    ");
                     ^~~~~~~~~~~~~~~~~~~~~~~~~~
../src/parsing.c:458:21: warning: '__builtin_memcpy' writing 6 bytes into a region of size 5 overflows the destination [-Wstringop-overflow=]
                     strcpy(tempString,"-    ");
                     ^~~~~~~~~~~~~~~~~~~~~~~~~~
../src/parsing.c:468:25: warning: '__builtin_memcpy' writing 6 bytes into a region of size 5 overflows the destination [-Wstringop-overflow=]
                         strcpy(tempString,"+    ");
                         ^~~~~~~~~~~~~~~~~~~~~~~~~~
../src/parsing.c:474:25: warning: '__builtin_memcpy' writing 6 bytes into a region of size 5 overflows the destination [-Wstringop-overflow=]
                         strcpy(tempString,"-    ");
                         ^~~~~~~~~~~~~~~~~~~~~~~~~~
../src/parsing.c:480:25: warning: '__builtin_memcpy' writing 6 bytes into a region of size 5 overflows the destination [-Wstringop-overflow=]
                         strcpy(tempString,"/    ");
                         ^~~~~~~~~~~~~~~~~~~~~~~~~~
../src/parsing.c:486:25: warning: '__builtin_memcpy' writing 6 bytes into a region of size 5 overflows the destination [-Wstringop-overflow=]
                         strcpy(tempString,"*    ");
                         ^~~~~~~~~~~~~~~~~~~~~~~~~~
../src/parsing.c:498:25: warning: '__builtin_memcpy' writing 6 bytes into a region of size 5 overflows the destination [-Wstringop-overflow=]
                         strcpy(tempString,"e^X  ");
                         ^~~~~~~~~~~~~~~~~~~~~~~~~~
../src/parsing.c:505:25: warning: '__builtin_memcpy' writing 6 bytes into a region of size 5 overflows the destination [-Wstringop-overflow=]
                         strcpy(tempString,"ln(  ");
                         ^~~~~~~~~~~~~~~~~~~~~~~~~~
../src/parsing.c:512:25: warning: '__builtin_memcpy' writing 6 bytes into a region of size 5 overflows the destination [-Wstringop-overflow=]
                         strcpy(tempString,"log( ");
                         ^~~~~~~~~~~~~~~~~~~~~~~~~~
../src/parsing.c:518:25: warning: '__builtin_memcpy' writing 6 bytes into a region of size 5 overflows the destination [-Wstringop-overflow=]
                         strcpy(tempString,"(    ");
                         ^~~~~~~~~~~~~~~~~~~~~~~~~~
../src/parsing.c:526:25: warning: '__builtin_memcpy' writing 6 bytes into a region of size 5 overflows the destination [-Wstringop-overflow=]
                         strcpy(tempString,"^    ");
                         ^~~~~~~~~~~~~~~~~~~~~~~~~~
../src/parsing.c:532:25: warning: '__builtin_memcpy' writing 6 bytes into a region of size 5 overflows the destination [-Wstringop-overflow=]
                         strcpy(tempString,")    ");
                         ^~~~~~~~~~~~~~~~~~~~~~~~~~
../src/parsing.c:544:25: warning: '__builtin_memcpy' writing 6 bytes into a region of size 5 overflows the destination [-Wstringop-overflow=]
                         strcpy(tempString,"sin( ");
                         ^~~~~~~~~~~~~~~~~~~~~~~~~~
../src/parsing.c:551:25: warning: '__builtin_memcpy' writing 6 bytes into a region of size 5 overflows the destination [-Wstringop-overflow=]
                         strcpy(tempString,"cos( ");
                         ^~~~~~~~~~~~~~~~~~~~~~~~~~
../src/parsing.c:558:25: warning: '__builtin_memcpy' writing 6 bytes into a region of size 5 overflows the destination [-Wstringop-overflow=]
                         strcpy(tempString,"tan( ");
                         ^~~~~~~~~~~~~~~~~~~~~~~~~~
../src/parsing.c:565:25: warning: '__builtin_memcpy' writing 6 bytes into a region of size 5 overflows the destination [-Wstringop-overflow=]
                         strcpy(tempString,"asin(");
                         ^~~~~~~~~~~~~~~~~~~~~~~~~~
../src/parsing.c:572:25: warning: '__builtin_memcpy' writing 6 bytes into a region of size 5 overflows the destination [-Wstringop-overflow=]
                         strcpy(tempString,"acos(");
                         ^~~~~~~~~~~~~~~~~~~~~~~~~~
../src/parsing.c:579:25: warning: '__builtin_memcpy' writing 6 bytes into a region of size 5 overflows the destination [-Wstringop-overflow=]
                         strcpy(tempString,"atan(");
                         ^~~~~~~~~~~~~~~~~~~~~~~~~~
../src/parsing.c:586:25: warning: '__builtin_memcpy' writing 6 bytes into a region of size 5 overflows the destination [-Wstringop-overflow=]
                         strcpy(tempString,"!(   ");
                         ^~~~~~~~~~~~~~~~~~~~~~~~~~
../src/parsing.c:593:25: warning: '__builtin_memcpy' writing 6 bytes into a region of size 5 overflows the destination [-Wstringop-overflow=]
                         strcpy(tempString,"X    ");
                         ^~~~~~~~~~~~~~~~~~~~~~~~~~
Finished building: ../src/parsing.c
 
Building target: 362_project.elf
Invoking: MCU GCC Linker
arm-none-eabi-gcc -mcpu=cortex-m0 -mthumb -mfloat-abi=soft -T"/Users/terrencerandall/Documents/Fall_19/ece362/workspace/362_project/LinkerScript.ld" -Wl,-Map=output.map -Wl,--gc-sections -o "362_project.elf" @"objects.list"   -lm
Finished building target: 362_project.elf
 
/Applications/Xcode.app/Contents/Developer/usr/bin/make --no-print-directory post-build
Generating binary and Printing size information:
arm-none-eabi-objcopy -O binary "362_project.elf" "362_project.bin"
arm-none-eabi-size "362_project.elf"
   text	   data	    bss	    dec	    hex	filename
  59368	   2160	   1324	  62852	   f584	362_project.elf
 
21:40:01 **** Incremental Build of configuration Debug for project 362_project ****
make -j3 all 
Building file: ../src/parsing.c
Invoking: MCU GCC Compiler
/Users/terrencerandall/Documents/Fall_19/ece362/workspace/362_project/Debug
arm-none-eabi-gcc -mcpu=cortex-m0 -mthumb -mfloat-abi=soft -DSTM32 -DSTM32F0 -DSTM32F051R8Tx -DSTM32F0DISCOVERY -DDEBUG -DSTM32F051 -DUSE_STDPERIPH_DRIVER -I"/Users/terrencerandall/Documents/Fall_19/ece362/workspace/362_project/Utilities" -I"/Users/terrencerandall/Documents/Fall_19/ece362/workspace/362_project/StdPeriph_Driver/inc" -I"/Users/terrencerandall/Documents/Fall_19/ece362/workspace/362_project/inc" -I"/Users/terrencerandall/Documents/Fall_19/ece362/workspace/362_project/CMSIS/device" -I"/Users/terrencerandall/Documents/Fall_19/ece362/workspace/362_project/CMSIS/core" -O0 -g3 -Wall -fmessage-length=0 -ffunction-sections -c -MMD -MP -MF"src/parsing.d" -MT"src/parsing.o" -o "src/parsing.o" "../src/parsing.c"
../src/parsing.c: In function 'stackManipulation':
../src/parsing.c:369:9: warning: variable 'codeThatWeProbablyWontNeed' set but not used [-Wunused-but-set-variable]
     int codeThatWeProbablyWontNeed;
         ^~~~~~~~~~~~~~~~~~~~~~~~~~
../src/parsing.c: In function 'convertToNum':
../src/parsing.c:681:9: warning: implicit declaration of function 'printf' [-Wimplicit-function-declaration]
         printf("The beg equals the ends\n");
         ^~~~~~
../src/parsing.c:681:9: warning: incompatible implicit declaration of built-in function 'printf'
../src/parsing.c:681:9: note: include '<stdio.h>' or provide a declaration of 'printf'
../src/parsing.c: In function 'floatToString':
../src/parsing.c:798:9: warning: implicit declaration of function 'sprintf' [-Wimplicit-function-declaration]
         sprintf(output,"0.0");
         ^~~~~~~
../src/parsing.c:798:9: warning: incompatible implicit declaration of built-in function 'sprintf'
../src/parsing.c:798:9: note: include '<stdio.h>' or provide a declaration of 'sprintf'
../src/parsing.c:803:9: warning: incompatible implicit declaration of built-in function 'sprintf'
         sprintf(output, "Error (too big or too small)");
         ^~~~~~~
../src/parsing.c:803:9: note: include '<stdio.h>' or provide a declaration of 'sprintf'
../src/parsing.c:808:9: warning: implicit declaration of function 'gcvt' [-Wimplicit-function-declaration]
         gcvt(input, 5, output);
         ^~~~
Finished building: ../src/parsing.c
 
Building target: 362_project.elf
Invoking: MCU GCC Linker
arm-none-eabi-gcc -mcpu=cortex-m0 -mthumb -mfloat-abi=soft -T"/Users/terrencerandall/Documents/Fall_19/ece362/workspace/362_project/LinkerScript.ld" -Wl,-Map=output.map -Wl,--gc-sections -o "362_project.elf" @"objects.list"   -lm
Finished building target: 362_project.elf
 
/Applications/Xcode.app/Contents/Developer/usr/bin/make --no-print-directory post-build
Generating binary and Printing size information:
arm-none-eabi-objcopy -O binary "362_project.elf" "362_project.bin"
arm-none-eabi-size "362_project.elf"
   text	   data	    bss	    dec	    hex	filename
  59360	   2160	   1324	  62844	   f57c	362_project.elf
 
21:41:56 **** Incremental Build of configuration Debug for project 362_project ****
make -j3 all 
make: Nothing to be done for `all'.
21:43:20 **** Incremental Build of configuration Debug for project 362_project ****
make -j3 all 
Building file: ../src/main.c
Invoking: MCU GCC Compiler
/Users/terrencerandall/Documents/Fall_19/ece362/workspace/362_project/Debug
[...]
         GLCD_WriteString("                     ");//write second half of expression
         ^~~~~~~~~~~~~~~~
         GPIO_WriteBit
../src/parsing.c:186:24: warning: implicit declaration of function 'get_char_key'; did you mean '_getchar_r'? [-Wimplicit-function-declaration]
             char key = get_char_key();
                        ^~~~~~~~~~~~
                        _getchar_r
../src/parsing.c:243:14: warning: unused variable 'dummy' [-Wunused-variable]
         char dummy[100];
              ^~~~~
../src/parsing.c:43:10: warning: unused variable 'dummy' [-Wunused-variable]
     char dummy[100];
          ^~~~~
../src/parsing.c: In function 'stackManipulation':
../src/parsing.c:864:30: warning: unused variable 'spc' [-Wunused-variable]
                         char spc[1] = " ";
                              ^~~
../src/parsing.c:863:30: warning: unused variable 'neg' [-Wunused-variable]
                         char neg[1] = "-";
                              ^~~
../src/parsing.c:862:30: warning: unused variable 'dec' [-Wunused-variable]
                         char dec[1] = ".";
                              ^~~
../src/parsing.c: In function 'graphingFunc':
../src/parsing.c:919:5: warning: implicit declaration of function 'GLCD_ClearScreen' [-Wimplicit-function-declaration]
     GLCD_ClearScreen();
     ^~~~~~~~~~~~~~~~
../src/parsing.c:966:9: warning: implicit declaration of function 'GLCD_SetPixel'; did you mean 'RTC_SetTime'? [-Wimplicit-function-declaration]
         GLCD_SetPixel(i,yaxispos,'b');
         ^~~~~~~~~~~~~
         RTC_SetTime
../src/parsing.c:947:9: warning: variable 'xaxispos' set but not used [-Wunused-but-set-variable]
     int xaxispos = 64; // middle position
         ^~~~~~~~
../src/parsing.c: In function 'stackManipulation':
../src/parsing.c:903:25: warning: 'strcpy' writing 23 bytes into a region of size 21 overflows the destination [-Wstringop-overflow=]
                         strcpy(tempString,"RtoD(                 ");
                         ^~~~~~~~~~~~~~~~~~~~~~~~~~~~~~~~~~~~~~~~~~~
Finished building: ../src/parsing.c
 
Building target: 362_project.elf
Invoking: MCU GCC Linker
arm-none-eabi-gcc -mcpu=cortex-m0 -mthumb -mfloat-abi=soft -u _printf_float -T"/Users/terrencerandall/Documents/Fall_19/ece362/workspace/362_project/LinkerScript.ld" -Wl,-Map=output.map -Wl,--gc-sections -o "362_project.elf" @"objects.list"   -lm
Finished building target: 362_project.elf
 
/Applications/Xcode.app/Contents/Developer/usr/bin/make --no-print-directory post-build
Generating binary and Printing size information:
arm-none-eabi-objcopy -O binary "362_project.elf" "362_project.bin"
arm-none-eabi-size "362_project.elf"
   text	   data	    bss	    dec	    hex	filename
  60060	   2524	   1480	  64064	   fa40	362_project.elf
 
17:12:06 **** Incremental Build of configuration Debug for project 362_project ****
make -j3 all 
Building file: ../src/parsing.c
Invoking: MCU GCC Compiler
/Users/terrencerandall/Documents/Fall_19/ece362/workspace/362_project/Debug
arm-none-eabi-gcc -mcpu=cortex-m0 -mthumb -mfloat-abi=soft -DSTM32 -DSTM32F0 -DSTM32F051R8Tx -DSTM32F0DISCOVERY -DDEBUG -DSTM32F051 -DUSE_STDPERIPH_DRIVER -I"/Users/terrencerandall/Documents/Fall_19/ece362/workspace/362_project/Utilities" -I"/Users/terrencerandall/Documents/Fall_19/ece362/workspace/362_project/StdPeriph_Driver/inc" -I"/Users/terrencerandall/Documents/Fall_19/ece362/workspace/362_project/inc" -I"/Users/terrencerandall/Documents/Fall_19/ece362/workspace/362_project/CMSIS/device" -I"/Users/terrencerandall/Documents/Fall_19/ece362/workspace/362_project/CMSIS/core" -Os -g3 -Wall -fmessage-length=0 -ffunction-sections -c -MMD -MP -MF"src/parsing.d" -MT"src/parsing.o" -o "src/parsing.o" "../src/parsing.c"
../src/parsing.c: In function 'calculations':
../src/parsing.c:164:9: warning: implicit declaration of function 'GLCD_GoTo' [-Wimplicit-function-declaration]
         GLCD_GoTo(0,2);
         ^~~~~~~~~
../src/parsing.c:165:9: warning: implicit declaration of function 'GLCD_WriteString'; did you mean 'GPIO_WriteBit'? [-Wimplicit-function-declaration]
         GLCD_WriteString("                     ");//write second half of expression
         ^~~~~~~~~~~~~~~~
         GPIO_WriteBit
../src/parsing.c:186:24: warning: implicit declaration of function 'get_char_key'; did you mean '_getchar_r'? [-Wimplicit-function-declaration]
             char key = get_char_key();
                        ^~~~~~~~~~~~
                        _getchar_r
../src/parsing.c:243:14: warning: unused variable 'dummy' [-Wunused-variable]
         char dummy[100];
              ^~~~~
../src/parsing.c:43:10: warning: unused variable 'dummy' [-Wunused-variable]
     char dummy[100];
          ^~~~~
../src/parsing.c: In function 'stackManipulation':
../src/parsing.c:864:30: warning: unused variable 'spc' [-Wunused-variable]
                         char spc[1] = " ";
                              ^~~
../src/parsing.c:863:30: warning: unused variable 'neg' [-Wunused-variable]
                         char neg[1] = "-";
                              ^~~
../src/parsing.c:862:30: warning: unused variable 'dec' [-Wunused-variable]
                         char dec[1] = ".";
                              ^~~
../src/parsing.c: In function 'graphingFunc':
../src/parsing.c:919:5: warning: implicit declaration of function 'GLCD_ClearScreen' [-Wimplicit-function-declaration]
     GLCD_ClearScreen();
     ^~~~~~~~~~~~~~~~
../src/parsing.c:966:9: warning: implicit declaration of function 'GLCD_SetPixel'; did you mean 'RTC_SetTime'? [-Wimplicit-function-declaration]
         GLCD_SetPixel(i,yaxispos,'b');
         ^~~~~~~~~~~~~
         RTC_SetTime
../src/parsing.c:947:9: warning: variable 'xaxispos' set but not used [-Wunused-but-set-variable]
     int xaxispos = 64; // middle position
         ^~~~~~~~
../src/parsing.c: In function 'stackManipulation':
../src/parsing.c:903:25: warning: 'strcpy' writing 23 bytes into a region of size 21 overflows the destination [-Wstringop-overflow=]
                         strcpy(tempString,"RtoD(                 ");
                         ^~~~~~~~~~~~~~~~~~~~~~~~~~~~~~~~~~~~~~~~~~~
Finished building: ../src/parsing.c
 
Building target: 362_project.elf
Invoking: MCU GCC Linker
arm-none-eabi-gcc -mcpu=cortex-m0 -mthumb -mfloat-abi=soft -u _printf_float -T"/Users/terrencerandall/Documents/Fall_19/ece362/workspace/362_project/LinkerScript.ld" -Wl,-Map=output.map -Wl,--gc-sections -o "362_project.elf" @"objects.list"   -lm
Finished building target: 362_project.elf
 
/Applications/Xcode.app/Contents/Developer/usr/bin/make --no-print-directory post-build
Generating binary and Printing size information:
arm-none-eabi-objcopy -O binary "362_project.elf" "362_project.bin"
arm-none-eabi-size "362_project.elf"
   text	   data	    bss	    dec	    hex	filename
  60060	   2524	   1480	  64064	   fa40	362_project.elf
 
22:13:13 **** Incremental Build of configuration Debug for project 362_project ****
make -j3 all 
Building file: ../src/parsing.c
Invoking: MCU GCC Compiler
/Users/terrencerandall/Documents/Fall_19/ece362/workspace/362_project/Debug
arm-none-eabi-gcc -mcpu=cortex-m0 -mthumb -mfloat-abi=soft -DSTM32 -DSTM32F0 -DSTM32F051R8Tx -DSTM32F0DISCOVERY -DDEBUG -DSTM32F051 -DUSE_STDPERIPH_DRIVER -I"/Users/terrencerandall/Documents/Fall_19/ece362/workspace/362_project/Utilities" -I"/Users/terrencerandall/Documents/Fall_19/ece362/workspace/362_project/StdPeriph_Driver/inc" -I"/Users/terrencerandall/Documents/Fall_19/ece362/workspace/362_project/inc" -I"/Users/terrencerandall/Documents/Fall_19/ece362/workspace/362_project/CMSIS/device" -I"/Users/terrencerandall/Documents/Fall_19/ece362/workspace/362_project/CMSIS/core" -Os -g3 -Wall -fmessage-length=0 -ffunction-sections -c -MMD -MP -MF"src/parsing.d" -MT"src/parsing.o" -o "src/parsing.o" "../src/parsing.c"
../src/parsing.c: In function 'calculations':
../src/parsing.c:165:9: warning: implicit declaration of function 'GLCD_GoTo' [-Wimplicit-function-declaration]
         GLCD_GoTo(0,2);
         ^~~~~~~~~
../src/parsing.c:166:9: warning: implicit declaration of function 'GLCD_WriteString'; did you mean 'GPIO_WriteBit'? [-Wimplicit-function-declaration]
         GLCD_WriteString("                     ");//write second half of expression
         ^~~~~~~~~~~~~~~~
         GPIO_WriteBit
../src/parsing.c:187:24: warning: implicit declaration of function 'get_char_key'; did you mean '_getchar_r'? [-Wimplicit-function-declaration]
             char key = get_char_key();
                        ^~~~~~~~~~~~
                        _getchar_r
../src/parsing.c:244:14: warning: unused variable 'dummy' [-Wunused-variable]
         char dummy[100];
              ^~~~~
../src/parsing.c:43:10: warning: unused variable 'dummy' [-Wunused-variable]
     char dummy[100];
          ^~~~~
../src/parsing.c: In function 'graphingFunc':
../src/parsing.c:942:5: warning: implicit declaration of function 'GLCD_ClearScreen' [-Wimplicit-function-declaration]
     GLCD_ClearScreen();
     ^~~~~~~~~~~~~~~~
../src/parsing.c:989:9: warning: implicit declaration of function 'GLCD_SetPixel'; did you mean 'RTC_SetTime'? [-Wimplicit-function-declaration]
         GLCD_SetPixel(i,yaxispos,'b');
         ^~~~~~~~~~~~~
         RTC_SetTime
../src/parsing.c:970:9: warning: variable 'xaxispos' set but not used [-Wunused-but-set-variable]
     int xaxispos = 64; // middle position
         ^~~~~~~~
../src/parsing.c: In function 'stackManipulation':
../src/parsing.c:906:25: warning: 'strcpy' writing 22 bytes into a region of size 21 overflows the destination [-Wstringop-overflow=]
                         strcpy(tempString,"ANS                  ");
                         ^~~~~~~~~~~~~~~~~~~~~~~~~~~~~~~~~~~~~~~~~~
../src/parsing.c:915:25: warning: 'strcpy' writing 23 bytes into a region of size 21 overflows the destination [-Wstringop-overflow=]
                         strcpy(tempString,"RtoD(                 ");
                         ^~~~~~~~~~~~~~~~~~~~~~~~~~~~~~~~~~~~~~~~~~~
Finished building: ../src/parsing.c
 
Building target: 362_project.elf
Invoking: MCU GCC Linker
arm-none-eabi-gcc -mcpu=cortex-m0 -mthumb -mfloat-abi=soft -u _printf_float -T"/Users/terrencerandall/Documents/Fall_19/ece362/workspace/362_project/LinkerScript.ld" -Wl,-Map=output.map -Wl,--gc-sections -o "362_project.elf" @"objects.list"   -lm
Finished building target: 362_project.elf
 
/Applications/Xcode.app/Contents/Developer/usr/bin/make --no-print-directory post-build
Generating binary and Printing size information:
arm-none-eabi-objcopy -O binary "362_project.elf" "362_project.bin"
arm-none-eabi-size "362_project.elf"
   text	   data	    bss	    dec	    hex	filename
  59980	   2524	   1480	  63984	   f9f0	362_project.elf
 
23:50:16 **** Incremental Build of configuration Debug for project 362_project ****
make -j3 all 
Building file: ../src/graphic.c
Building file: ../src/main.c
Invoking: MCU GCC Compiler
Invoking: MCU GCC Compiler
/Users/terrencerandall/Documents/Fall_19/ece362/workspace/362_project/Debug
arm-none-eabi-gcc -mcpu=cortex-m0 -mthumb -mfloat-abi=soft -DSTM32 -DSTM32F0 -DSTM32F051R8Tx -DSTM32F0DISCOVERY -DDEBUG -DSTM32F051 -DUSE_STDPERIPH_DRIVER -I"/Users/terrencerandall/Documents/Fall_19/ece362/workspace/362_project/Utilities" -I"/Users/terrencerandall/Documents/Fall_19/ece362/workspace/362_project/StdPeriph_Driver/inc" -I"/Users/terrencerandall/Documents/Fall_19/ece362/workspace/362_project/inc" -I"/Users/terrencerandall/Documents/Fall_19/ece362/workspace/362_project/CMSIS/device" -I"/Users/terrencerandall/Documents/Fall_19/ece362/workspace/362_project/CMSIS/core" -Os -g3 -Wall -fmessage-length=0 -ffunction-sections -c -MMD -MP -MF"src/graphic.d" -MT"src/graphic.o" -o "src/graphic.o" "../src/graphic.c"
/Users/terrencerandall/Documents/Fall_19/ece362/workspace/362_project/Debug
arm-none-eabi-gcc -mcpu=cortex-m0 -mthumb -mfloat-abi=soft -DSTM32 -DSTM32F0 -DSTM32F051R8Tx -DSTM32F0DISCOVERY -DDEBUG -DSTM32F051 -DUSE_STDPERIPH_DRIVER -I"/Users/terrencerandall/Documents/Fall_19/ece362/workspace/362_project/Utilities" -I"/Users/terrencerandall/Documents/Fall_19/ece362/workspace/362_project/StdPeriph_Driver/inc" -I"/Users/terrencerandall/Documents/Fall_19/ece362/workspace/362_project/inc" -I"/Users/terrencerandall/Documents/Fall_19/ece362/workspace/362_project/CMSIS/device" -I"/Users/terrencerandall/Documents/Fall_19/ece362/workspace/362_project/CMSIS/core" -Os -g3 -Wall -fmessage-length=0 -ffunction-sections -c -MMD -MP -MF"src/main.d" -MT"src/main.o" -o "src/main.o" "../src/main.c"
Building file: ../src/parsing.c
Invoking: MCU GCC Compiler
/Users/terrencerandall/Documents/Fall_19/ece362/workspace/362_project/Debug
arm-none-eabi-gcc -mcpu=cortex-m0 -mthumb -mfloat-abi=soft -DSTM32 -DSTM32F0 -DSTM32F051R8Tx -DSTM32F0DISCOVERY -DDEBUG -DSTM32F051 -DUSE_STDPERIPH_DRIVER -I"/Users/terrencerandall/Documents/Fall_19/ece362/workspace/362_project/Utilities" -I"/Users/terrencerandall/Documents/Fall_19/ece362/workspace/362_project/StdPeriph_Driver/inc" -I"/Users/terrencerandall/Documents/Fall_19/ece362/workspace/362_project/inc" -I"/Users/terrencerandall/Documents/Fall_19/ece362/workspace/362_project/CMSIS/device" -I"/Users/terrencerandall/Documents/Fall_19/ece362/workspace/362_project/CMSIS/core" -Os -g3 -Wall -fmessage-length=0 -ffunction-sections -c -MMD -MP -MF"src/parsing.d" -MT"src/parsing.o" -o "src/parsing.o" "../src/parsing.c"
../src/main.c: In function 'graph':
../src/main.c:219:9: warning: implicit declaration of function 'GLCD_SetPixel'; did you mean 'RTC_SetTime'? [-Wimplicit-function-declaration]
         GLCD_SetPixel(i,32,'b');
         ^~~~~~~~~~~~~
         RTC_SetTime
../src/main.c:233:9: warning: variable 'flag' set but not used [-Wunused-but-set-variable]
     int flag = 0;
         ^~~~
../src/main.c: In function 'main':
../src/main.c:264:10: warning: unused variable 'clear' [-Wunused-variable]
     char clear[21] = "                     ";
          ^~~~~
Finished building: ../src/graphic.c
 
../src/parsing.c: In function 'getGraphValue':
../src/parsing.c:35:15: warning: implicit declaration of function 'get_char_key'; did you mean '_getchar_r'? [-Wimplicit-function-declaration]
         key = get_char_key();
               ^~~~~~~~~~~~
               _getchar_r
../src/parsing.c:112:9: warning: implicit declaration of function 'GLCD_GoTo'; did you mean 'GLCD_Line'? [-Wimplicit-function-declaration]
         GLCD_GoTo(0,6);
         ^~~~~~~~~
         GLCD_Line
Building file: ../src/parsingutility.c
../src/parsing.c:113:9: warning: implicit declaration of function 'GLCD_WriteString'; did you mean 'GPIO_WriteBit'? [-Wimplicit-function-declaration]
         GLCD_WriteString(displayString);
         ^~~~~~~~~~~~~~~~
         GPIO_WriteBit
Invoking: MCU GCC Compiler
/Users/terrencerandall/Documents/Fall_19/ece362/workspace/362_project/Debug
arm-none-eabi-gcc -mcpu=cortex-m0 -mthumb -mfloat-abi=soft -DSTM32 -DSTM32F0 -DSTM32F051R8Tx -DSTM32F0DISCOVERY -DDEBUG -DSTM32F051 -DUSE_STDPERIPH_DRIVER -I"/Users/terrencerandall/Documents/Fall_19/ece362/workspace/362_project/Utilities" -I"/Users/terrencerandall/Documents/Fall_19/ece362/workspace/362_project/StdPeriph_Driver/inc" -I"/Users/terrencerandall/Documents/Fall_19/ece362/workspace/362_project/inc" -I"/Users/terrencerandall/Documents/Fall_19/ece362/workspace/362_project/CMSIS/device" -I"/Users/terrencerandall/Documents/Fall_19/ece362/workspace/362_project/CMSIS/core" -Os -g3 -Wall -fmessage-length=0 -ffunction-sections -c -MMD -MP -MF"src/parsingutility.d" -MT"src/parsingutility.o" -o "src/parsingutility.o" "../src/parsingutility.c"
../src/parsing.c: In function 'calculations':
../src/parsing.c:277:9: warning: implicit declaration of function 'GLCD_ClearRow'; did you mean 'GLCD_Circle'? [-Wimplicit-function-declaration]
         GLCD_ClearRow(2);
         ^~~~~~~~~~~~~
         GLCD_Circle
../src/parsing.c:152:10: warning: unused variable 'dummy' [-Wunused-variable]
     char dummy[100];
          ^~~~~
../src/parsing.c: In function 'graphingFunc':
../src/parsing.c:1009:5: warning: implicit declaration of function 'GLCD_ClearScreen'; did you mean 'GLCD_Circle'? [-Wimplicit-function-declaration]
     GLCD_ClearScreen();
     ^~~~~~~~~~~~~~~~
     GLCD_Circle
../src/parsing.c:1055:9: warning: implicit declaration of function 'GLCD_SetPixel'; did you mean 'RTC_SetTime'? [-Wimplicit-function-declaration]
         GLCD_SetPixel(i,yaxispos,'b');
         ^~~~~~~~~~~~~
         RTC_SetTime
../src/parsing.c:1106:12: warning: variable 'yval' set but not used [-Wunused-but-set-variable]
     double yval = 0;
            ^~~~
../src/parsing.c:995:13: warning: unused variable 'Nans' [-Wunused-variable]
     uint8_t Nans = 0;
             ^~~~
../src/parsing.c:994:13: warning: unused variable 'q' [-Wunused-variable]
     uint8_t q;
             ^
../src/parsingutility.c:12:2: warning: "/*" within comment [-Wcomment]
 //**********************************************
   
../src/parsingutility.c:15:2: warning: "/*" within comment [-Wcomment]
 //**********************************************
   
../src/main.c:322:13: warning: 'strcpy' writing 22 bytes into a region of size 21 overflows the destination [-Wstringop-overflow=]
             strcpy(line1,">                    ");
             ^~~~~~~~~~~~~~~~~~~~~~~~~~~~~~~~~~~~~
../src/main.c:323:13: warning: 'strcpy' writing 22 bytes into a region of size 21 overflows the destination [-Wstringop-overflow=]
             strcpy(line2,"                     ");
             ^~~~~~~~~~~~~~~~~~~~~~~~~~~~~~~~~~~~~
../src/main.c:335:13: warning: 'strcpy' writing 22 bytes into a region of size 21 overflows the destination [-Wstringop-overflow=]
             strcpy(line2,"                     ");
             ^~~~~~~~~~~~~~~~~~~~~~~~~~~~~~~~~~~~~
../src/main.c:372:13: warning: 'strcpy' writing 22 bytes into a region of size 21 overflows the destination [-Wstringop-overflow=]
             strcpy(line1,">                    ");
             ^~~~~~~~~~~~~~~~~~~~~~~~~~~~~~~~~~~~~
../src/main.c:373:13: warning: 'strcpy' writing 22 bytes into a region of size 21 overflows the destination [-Wstringop-overflow=]
             strcpy(line2,"                     ");
             ^~~~~~~~~~~~~~~~~~~~~~~~~~~~~~~~~~~~~
../src/parsing.c: In function 'getGraphValue':
../src/parsing.c:103:29: warning: 'lastAdded' may be used uninitialized in this function [-Wmaybe-uninitialized]
                 domainInput -= lastAdded;
                 ~~~~~~~~~~~~^~~~~~~~~~~~
Finished building: ../src/parsingutility.c
 
Finished building: ../src/main.c
 
../src/parsing.c: In function 'stackManipulation':
../src/parsing.c:969:29: warning: 'strcpy' writing 23 bytes into a region of size 21 overflows the destination [-Wstringop-overflow=]
                             strcpy(tempString,"ANS                   ");
                             ^~~~~~~~~~~~~~~~~~~~~~~~~~~~~~~~~~~~~~~~~~~
../src/parsing.c:979:25: warning: 'strcpy' writing 23 bytes into a region of size 21 overflows the destination [-Wstringop-overflow=]
                         strcpy(tempString,"RtoD(                 ");
                         ^~~~~~~~~~~~~~~~~~~~~~~~~~~~~~~~~~~~~~~~~~~
Finished building: ../src/parsing.c
 
Building target: 362_project.elf
Invoking: MCU GCC Linker
arm-none-eabi-gcc -mcpu=cortex-m0 -mthumb -mfloat-abi=soft -u _printf_float -T"/Users/terrencerandall/Documents/Fall_19/ece362/workspace/362_project/LinkerScript.ld" -Wl,-Map=output.map -Wl,--gc-sections -o "362_project.elf" @"objects.list"   -lm
Finished building target: 362_project.elf
 
/Applications/Xcode.app/Contents/Developer/usr/bin/make --no-print-directory post-build
Generating binary and Printing size information:
arm-none-eabi-objcopy -O binary "362_project.elf" "362_project.bin"
arm-none-eabi-size "362_project.elf"
   text	   data	    bss	    dec	    hex	filename
  57156	   2532	   3904	  63592	   f868	362_project.elf
 
