16:27:14 **** Incremental Build of configuration Debug for project HW05 ****
make -j3 all 
Building file: ../src/hw5.s
Building file: ../src/test.c
Invoking: MCU GCC Compiler
Invoking: MCU GCC Assembler
/Users/terrencerandall/Documents/Fall_19/ece362/workspace/HW05/Debug
arm-none-eabi-gcc -mcpu=cortex-m0 -mthumb -mfloat-abi=soft -DSTM32 -DSTM32F0 -DSTM32F051R8Tx -DSTM32F0DISCOVERY -DDEBUG -DSTM32F051 -DUSE_STDPERIPH_DRIVER -I"/Users/terrencerandall/Documents/Fall_19/ece362/workspace/HW05/Utilities" -I"/Users/terrencerandall/Documents/Fall_19/ece362/workspace/HW05/StdPeriph_Driver/inc" -I"/Users/terrencerandall/Documents/Fall_19/ece362/workspace/HW05/inc" -I"/Users/terrencerandall/Documents/Fall_19/ece362/workspace/HW05/CMSIS/device" -I"/Users/terrencerandall/Documents/Fall_19/ece362/workspace/HW05/CMSIS/core" -O0 -g3 -Wall -fmessage-length=0 -ffunction-sections -c -MMD -MP -MF"src/test.d" -MT"src/test.o" -o "src/test.o" "../src/test.c"
/Users/terrencerandall/Documents/Fall_19/ece362/workspace/HW05/Debug
arm-none-eabi-as -mcpu=cortex-m0 -mthumb -mfloat-abi=soft -I"/Users/terrencerandall/Documents/Fall_19/ece362/workspace/HW05/Utilities" -I"/Users/terrencerandall/Documents/Fall_19/ece362/workspace/HW05/StdPeriph_Driver/inc" -I"/Users/terrencerandall/Documents/Fall_19/ece362/workspace/HW05/inc" -I"/Users/terrencerandall/Documents/Fall_19/ece362/workspace/HW05/CMSIS/device" -I"/Users/terrencerandall/Documents/Fall_19/ece362/workspace/HW05/CMSIS/core" -g -o "src/hw5.o" "../src/hw5.s"
Finished building: ../src/hw5.s
 
Finished building: ../src/test.c
 
Building target: HW05.elf
Invoking: MCU GCC Linker
arm-none-eabi-gcc -mcpu=cortex-m0 -mthumb -mfloat-abi=soft -T"/Users/terrencerandall/Documents/Fall_19/ece362/workspace/HW05/LinkerScript.ld" -Wl,-Map=output.map -Wl,--gc-sections -o "HW05.elf" @"objects.list"   -lm
Finished building target: HW05.elf
 
/Applications/Xcode.app/Contents/Developer/usr/bin/make --no-print-directory post-build
Generating binary and Printing size information:
arm-none-eabi-objcopy -O binary "HW05.elf" "HW05.bin"
arm-none-eabi-size "HW05.elf"
   text	   data	    bss	    dec	    hex	filename
   3360	   1080	    196	   4636	   121c	HW05.elf
 

16:27:15 Build Finished (took 395ms)

