13:46:45 **** Build of configuration Debug for project Lab5_6toMe ****
make -j3 all 
Building file: ../src/lab5.s
Invoking: MCU GCC Assembler
/Users/terrencerandall/Documents/Fall_19/ece362/workspace/Lab5_6toMe/Debug
arm-none-eabi-as -mcpu=cortex-m0 -mthumb -mfloat-abi=soft -I"/Users/terrencerandall/Documents/Fall_19/ece362/workspace/Lab5_6toMe/Utilities" -I"/Users/terrencerandall/Documents/Fall_19/ece362/workspace/Lab5_6toMe/StdPeriph_Driver/inc" -I"/Users/terrencerandall/Documents/Fall_19/ece362/workspace/Lab5_6toMe/inc" -I"/Users/terrencerandall/Documents/Fall_19/ece362/workspace/Lab5_6toMe/CMSIS/device" -I"/Users/terrencerandall/Documents/Fall_19/ece362/workspace/Lab5_6toMe/CMSIS/core" -g -o "src/lab5.o" "../src/lab5.s"
Finished building: ../src/lab5.s
 
Building target: Lab5_6toMe.elf
Invoking: MCU GCC Linker
arm-none-eabi-gcc -mcpu=cortex-m0 -mthumb -mfloat-abi=soft -T"/Users/terrencerandall/Documents/Fall_19/ece362/workspace/Lab5_6toMe/LinkerScript.ld" -Wl,-Map=output.map -Wl,--gc-sections -o "Lab5_6toMe.elf" @"objects.list" /Users/terrencerandall/Documents/Fall_19/ece362/workspace/Lab5_6toMe/src/autotest.o  -lm
Finished building target: Lab5_6toMe.elf
 
/Applications/Xcode.app/Contents/Developer/usr/bin/make --no-print-directory post-build
Generating binary and Printing size information:
arm-none-eabi-objcopy -O binary "Lab5_6toMe.elf" "Lab5_6toMe.bin"
arm-none-eabi-size "Lab5_6toMe.elf"
   text	   data	    bss	    dec	    hex	filename
   1728	   1080	    220	   3028	    bd4	Lab5_6toMe.elf
 

13:46:45 Build Finished (took 336ms)

