16:17:00 **** Incremental Build of configuration Debug for project Lab8_my9 ****
make -j3 all 
Building file: ../src/main.c
Invoking: MCU GCC Compiler
/Users/terrencerandall/Documents/Fall_19/ece362/workspace/Lab8_my9/Debug
arm-none-eabi-gcc -mcpu=cortex-m0 -mthumb -mfloat-abi=soft -DSTM32 -DSTM32F0 -DSTM32F051R8Tx -DSTM32F0DISCOVERY -DDEBUG -DSTM32F051 -DUSE_STDPERIPH_DRIVER -I"/Users/terrencerandall/Documents/Fall_19/ece362/workspace/Lab8_my9/Utilities" -I"/Users/terrencerandall/Documents/Fall_19/ece362/workspace/Lab8_my9/StdPeriph_Driver/inc" -I"/Users/terrencerandall/Documents/Fall_19/ece362/workspace/Lab8_my9/inc" -I"/Users/terrencerandall/Documents/Fall_19/ece362/workspace/Lab8_my9/CMSIS/device" -I"/Users/terrencerandall/Documents/Fall_19/ece362/workspace/Lab8_my9/CMSIS/core" -O0 -g3 -Wall -fmessage-length=0 -ffunction-sections -c -MMD -MP -MF"src/main.d" -MT"src/main.o" -o "src/main.o" "../src/main.c"
Finished building: ../src/main.c
 
Building target: Lab8_my9.elf
Invoking: MCU GCC Linker
arm-none-eabi-gcc -mcpu=cortex-m0 -mthumb -mfloat-abi=soft -T"/Users/terrencerandall/Documents/Fall_19/ece362/workspace/Lab8_my9/LinkerScript.ld" -Wl,-Map=output.map -Wl,--gc-sections -o "Lab8_my9.elf" @"objects.list"   -lm
Finished building target: Lab8_my9.elf
 
/Applications/Xcode.app/Contents/Developer/usr/bin/make --no-print-directory post-build
Generating binary and Printing size information:
arm-none-eabi-objcopy -O binary "Lab8_my9.elf" "Lab8_my9.bin"
arm-none-eabi-size "Lab8_my9.elf"
   text	   data	    bss	    dec	    hex	filename
   2060	   1080	    228	   3368	    d28	Lab8_my9.elf
 

16:17:01 Build Finished (took 344ms)

